12:06:59 **** Clean-only build of configuration Debug for project youlostit-ble ****
make -j8 clean 
rm -rf ./Drivers/STM32L4xx_HAL_Driver/Src/stm32l4xx_hal.cyclo ./Drivers/STM32L4xx_HAL_Driver/Src/stm32l4xx_hal.d ./Drivers/STM32L4xx_HAL_Driver/Src/stm32l4xx_hal.o ./Drivers/STM32L4xx_HAL_Driver/Src/stm32l4xx_hal.su ./Drivers/STM32L4xx_HAL_Driver/Src/stm32l4xx_hal_cortex.cyclo ./Drivers/STM32L4xx_HAL_Driver/Src/stm32l4xx_hal_cortex.d ./Drivers/STM32L4xx_HAL_Driver/Src/stm32l4xx_hal_cortex.o ./Drivers/STM32L4xx_HAL_Driver/Src/stm32l4xx_hal_cortex.su ./Drivers/STM32L4xx_HAL_Driver/Src/stm32l4xx_hal_dma.cyclo ./Drivers/STM32L4xx_HAL_Driver/Src/stm32l4xx_hal_dma.d ./Drivers/STM32L4xx_HAL_Driver/Src/stm32l4xx_hal_dma.o ./Drivers/STM32L4xx_HAL_Driver/Src/stm32l4xx_hal_dma.su ./Drivers/STM32L4xx_HAL_Driver/Src/stm32l4xx_hal_dma_ex.cyclo ./Drivers/STM32L4xx_HAL_Driver/Src/stm32l4xx_hal_dma_ex.d ./Drivers/STM32L4xx_HAL_Driver/Src/stm32l4xx_hal_dma_ex.o ./Drivers/STM32L4xx_HAL_Driver/Src/stm32l4xx_hal_dma_ex.su ./Drivers/STM32L4xx_HAL_Driver/Src/stm32l4xx_hal_exti.cyclo ./Drivers/STM32L4xx_HAL_Driver/Src/stm32l4xx_hal_exti.d ./Drivers/STM32L4xx_HAL_Driver/Src/stm32l4xx_hal_exti.o ./Drivers/STM32L4xx_HAL_Driver/Src/stm32l4xx_hal_exti.su ./Drivers/STM32L4xx_HAL_Driver/Src/stm32l4xx_hal_flash.cyclo ./Drivers/STM32L4xx_HAL_Driver/Src/stm32l4xx_hal_flash.d ./Drivers/STM32L4xx_HAL_Driver/Src/stm32l4xx_hal_flash.o ./Drivers/STM32L4xx_HAL_Driver/Src/stm32l4xx_hal_flash.su ./Drivers/STM32L4xx_HAL_Driver/Src/stm32l4xx_hal_flash_ex.cyclo ./Drivers/STM32L4xx_HAL_Driver/Src/stm32l4xx_hal_flash_ex.d ./Drivers/STM32L4xx_HAL_Driver/Src/stm32l4xx_hal_flash_ex.o ./Drivers/STM32L4xx_HAL_Driver/Src/stm32l4xx_hal_flash_ex.su ./Drivers/STM32L4xx_HAL_Driver/Src/stm32l4xx_hal_flash_ramfunc.cyclo ./Drivers/STM32L4xx_HAL_Driver/Src/stm32l4xx_hal_flash_ramfunc.d ./Drivers/STM32L4xx_HAL_Driver/Src/stm32l4xx_hal_flash_ramfunc.o ./Drivers/STM32L4xx_HAL_Driver/Src/stm32l4xx_hal_flash_ramfunc.su ./Drivers/STM32L4xx_HAL_Driver/Src/stm32l4xx_hal_gpio.cyclo ./Drivers/STM32L4xx_HAL_Driver/Src/stm32l4xx_hal_gpio.d ./Drivers/STM32L4xx_HAL_Driver/Src/stm32l4xx_hal_gpio.o ./Drivers/STM32L4xx_HAL_Driver/Src/stm32l4xx_hal_gpio.su ./Drivers/STM32L4xx_HAL_Driver/Src/stm32l4xx_hal_i2c.cyclo ./Drivers/STM32L4xx_HAL_Driver/Src/stm32l4xx_hal_i2c.d ./Drivers/STM32L4xx_HAL_Driver/Src/stm32l4xx_hal_i2c.o ./Drivers/STM32L4xx_HAL_Driver/Src/stm32l4xx_hal_i2c.su ./Drivers/STM32L4xx_HAL_Driver/Src/stm32l4xx_hal_i2c_ex.cyclo ./Drivers/STM32L4xx_HAL_Driver/Src/stm32l4xx_hal_i2c_ex.d ./Drivers/STM32L4xx_HAL_Driver/Src/stm32l4xx_hal_i2c_ex.o ./Drivers/STM32L4xx_HAL_Driver/Src/stm32l4xx_hal_i2c_ex.su ./Drivers/STM32L4xx_HAL_Driver/Src/stm32l4xx_hal_pwr.cyclo ./Drivers/STM32L4xx_HAL_Driver/Src/stm32l4xx_hal_pwr.d ./Drivers/STM32L4xx_HAL_Driver/Src/stm32l4xx_hal_pwr.o ./Drivers/STM32L4xx_HAL_Driver/Src/stm32l4xx_hal_pwr.su ./Drivers/STM32L4xx_HAL_Driver/Src/stm32l4xx_hal_pwr_ex.cyclo ./Drivers/STM32L4xx_HAL_Driver/Src/stm32l4xx_hal_pwr_ex.d ./Drivers/STM32L4xx_HAL_Driver/Src/stm32l4xx_hal_pwr_ex.o ./Drivers/STM32L4xx_HAL_Driver/Src/stm32l4xx_hal_pwr_ex.su ./Drivers/STM32L4xx_HAL_Driver/Src/stm32l4xx_hal_rcc.cyclo ./Drivers/STM32L4xx_HAL_Driver/Src/stm32l4xx_hal_rcc.d ./Drivers/STM32L4xx_HAL_Driver/Src/stm32l4xx_hal_rcc.o ./Drivers/STM32L4xx_HAL_Driver/Src/stm32l4xx_hal_rcc.su ./Drivers/STM32L4xx_HAL_Driver/Src/stm32l4xx_hal_rcc_ex.cyclo ./Drivers/STM32L4xx_HAL_Driver/Src/stm32l4xx_hal_rcc_ex.d ./Drivers/STM32L4xx_HAL_Driver/Src/stm32l4xx_hal_rcc_ex.o ./Drivers/STM32L4xx_HAL_Driver/Src/stm32l4xx_hal_rcc_ex.su ./Drivers/STM32L4xx_HAL_Driver/Src/stm32l4xx_hal_spi.cyclo ./Drivers/STM32L4xx_HAL_Driver/Src/stm32l4xx_hal_spi.d ./Drivers/STM32L4xx_HAL_Driver/Src/stm32l4xx_hal_spi.o ./Drivers/STM32L4xx_HAL_Driver/Src/stm32l4xx_hal_spi.su ./Drivers/STM32L4xx_HAL_Driver/Src/stm32l4xx_hal_spi_ex.cyclo ./Drivers/STM32L4xx_HAL_Driver/Src/stm32l4xx_hal_spi_ex.d ./Drivers/STM32L4xx_HAL_Driver/Src/stm32l4xx_hal_spi_ex.o ./Drivers/STM32L4xx_HAL_Driver/Src/stm32l4xx_hal_spi_ex.su ./Drivers/STM32L4xx_HAL_Driver/Src/stm32l4xx_hal_tim.cyclo ./Drivers/STM32L4xx_HAL_Driver/Src/stm32l4xx_hal_tim.d ./Drivers/STM32L4xx_HAL_Driver/Src/stm32l4xx_hal_tim.o ./Drivers/STM32L4xx_HAL_Driver/Src/stm32l4xx_hal_tim.su ./Drivers/STM32L4xx_HAL_Driver/Src/stm32l4xx_hal_tim_ex.cyclo ./Drivers/STM32L4xx_HAL_Driver/Src/stm32l4xx_hal_tim_ex.d ./Drivers/STM32L4xx_HAL_Driver/Src/stm32l4xx_hal_tim_ex.o ./Drivers/STM32L4xx_HAL_Driver/Src/stm32l4xx_hal_tim_ex.su
rm -rf ./Core/Startup/startup_stm32l475vgtx.d ./Core/Startup/startup_stm32l475vgtx.o
rm -rf ./Core/Src/ble.cyclo ./Core/Src/ble.d ./Core/Src/ble.o ./Core/Src/ble.su ./Core/Src/main.cyclo ./Core/Src/main.d ./Core/Src/main.o ./Core/Src/main.su ./Core/Src/stm32l4xx_hal_msp.cyclo ./Core/Src/stm32l4xx_hal_msp.d ./Core/Src/stm32l4xx_hal_msp.o ./Core/Src/stm32l4xx_hal_msp.su ./Core/Src/stm32l4xx_it.cyclo ./Core/Src/stm32l4xx_it.d ./Core/Src/stm32l4xx_it.o ./Core/Src/stm32l4xx_it.su ./Core/Src/syscalls.cyclo ./Core/Src/syscalls.d ./Core/Src/syscalls.o ./Core/Src/syscalls.su ./Core/Src/system_stm32l4xx.cyclo ./Core/Src/system_stm32l4xx.d ./Core/Src/system_stm32l4xx.o ./Core/Src/system_stm32l4xx.su
rm -rf default.size.stdout youlostit-ble.elf youlostit-ble.list youlostit-ble.map
 
12:06:59 **** Build of configuration Debug for project youlostit-ble ****
make -j8 all 
arm-none-eabi-gcc "../Drivers/STM32L4xx_HAL_Driver/Src/stm32l4xx_hal.c" -mcpu=cortex-m4 -std=gnu11 -g3 -DDEBUG -DUSE_HAL_DRIVER -DSTM32L475xx -c -I../Core/Inc -I../Drivers/STM32L4xx_HAL_Driver/Inc -I../Drivers/STM32L4xx_HAL_Driver/Inc/Legacy -I../Drivers/CMSIS/Device/ST/STM32L4xx/Include -I../Drivers/CMSIS/Include -O0 -ffunction-sections -fdata-sections -Wall -fstack-usage -fcyclomatic-complexity -MMD -MP -MF"Drivers/STM32L4xx_HAL_Driver/Src/stm32l4xx_hal.d" -MT"Drivers/STM32L4xx_HAL_Driver/Src/stm32l4xx_hal.o" --specs=nano.specs -mfpu=fpv4-sp-d16 -mfloat-abi=hard -mthumb -o "Drivers/STM32L4xx_HAL_Driver/Src/stm32l4xx_hal.o"
arm-none-eabi-gcc "../Drivers/STM32L4xx_HAL_Driver/Src/stm32l4xx_hal_cortex.c" -mcpu=cortex-m4 -std=gnu11 -g3 -DDEBUG -DUSE_HAL_DRIVER -DSTM32L475xx -c -I../Core/Inc -I../Drivers/STM32L4xx_HAL_Driver/Inc -I../Drivers/STM32L4xx_HAL_Driver/Inc/Legacy -I../Drivers/CMSIS/Device/ST/STM32L4xx/Include -I../Drivers/CMSIS/Include -O0 -ffunction-sections -fdata-sections -Wall -fstack-usage -fcyclomatic-complexity -MMD -MP -MF"Drivers/STM32L4xx_HAL_Driver/Src/stm32l4xx_hal_cortex.d" -MT"Drivers/STM32L4xx_HAL_Driver/Src/stm32l4xx_hal_cortex.o" --specs=nano.specs -mfpu=fpv4-sp-d16 -mfloat-abi=hard -mthumb -o "Drivers/STM32L4xx_HAL_Driver/Src/stm32l4xx_hal_cortex.o"
arm-none-eabi-gcc "../Drivers/STM32L4xx_HAL_Driver/Src/stm32l4xx_hal_dma.c" -mcpu=cortex-m4 -std=gnu11 -g3 -DDEBUG -DUSE_HAL_DRIVER -DSTM32L475xx -c -I../Core/Inc -I../Drivers/STM32L4xx_HAL_Driver/Inc -I../Drivers/STM32L4xx_HAL_Driver/Inc/Legacy -I../Drivers/CMSIS/Device/ST/STM32L4xx/Include -I../Drivers/CMSIS/Include -O0 -ffunction-sections -fdata-sections -Wall -fstack-usage -fcyclomatic-complexity -MMD -MP -MF"Drivers/STM32L4xx_HAL_Driver/Src/stm32l4xx_hal_dma.d" -MT"Drivers/STM32L4xx_HAL_Driver/Src/stm32l4xx_hal_dma.o" --specs=nano.specs -mfpu=fpv4-sp-d16 -mfloat-abi=hard -mthumb -o "Drivers/STM32L4xx_HAL_Driver/Src/stm32l4xx_hal_dma.o"
arm-none-eabi-gcc "../Drivers/STM32L4xx_HAL_Driver/Src/stm32l4xx_hal_dma_ex.c" -mcpu=cortex-m4 -std=gnu11 -g3 -DDEBUG -DUSE_HAL_DRIVER -DSTM32L475xx -c -I../Core/Inc -I../Drivers/STM32L4xx_HAL_Driver/Inc -I../Drivers/STM32L4xx_HAL_Driver/Inc/Legacy -I../Drivers/CMSIS/Device/ST/STM32L4xx/Include -I../Drivers/CMSIS/Include -O0 -ffunction-sections -fdata-sections -Wall -fstack-usage -fcyclomatic-complexity -MMD -MP -MF"Drivers/STM32L4xx_HAL_Driver/Src/stm32l4xx_hal_dma_ex.d" -MT"Drivers/STM32L4xx_HAL_Driver/Src/stm32l4xx_hal_dma_ex.o" --specs=nano.specs -mfpu=fpv4-sp-d16 -mfloat-abi=hard -mthumb -o "Drivers/STM32L4xx_HAL_Driver/Src/stm32l4xx_hal_dma_ex.o"
arm-none-eabi-gcc "../Drivers/STM32L4xx_HAL_Driver/Src/stm32l4xx_hal_exti.c" -mcpu=cortex-m4 -std=gnu11 -g3 -DDEBUG -DUSE_HAL_DRIVER -DSTM32L475xx -c -I../Core/Inc -I../Drivers/STM32L4xx_HAL_Driver/Inc -I../Drivers/STM32L4xx_HAL_Driver/Inc/Legacy -I../Drivers/CMSIS/Device/ST/STM32L4xx/Include -I../Drivers/CMSIS/Include -O0 -ffunction-sections -fdata-sections -Wall -fstack-usage -fcyclomatic-complexity -MMD -MP -MF"Drivers/STM32L4xx_HAL_Driver/Src/stm32l4xx_hal_exti.d" -MT"Drivers/STM32L4xx_HAL_Driver/Src/stm32l4xx_hal_exti.o" --specs=nano.specs -mfpu=fpv4-sp-d16 -mfloat-abi=hard -mthumb -o "Drivers/STM32L4xx_HAL_Driver/Src/stm32l4xx_hal_exti.o"
arm-none-eabi-gcc "../Drivers/STM32L4xx_HAL_Driver/Src/stm32l4xx_hal_flash.c" -mcpu=cortex-m4 -std=gnu11 -g3 -DDEBUG -DUSE_HAL_DRIVER -DSTM32L475xx -c -I../Core/Inc -I../Drivers/STM32L4xx_HAL_Driver/Inc -I../Drivers/STM32L4xx_HAL_Driver/Inc/Legacy -I../Drivers/CMSIS/Device/ST/STM32L4xx/Include -I../Drivers/CMSIS/Include -O0 -ffunction-sections -fdata-sections -Wall -fstack-usage -fcyclomatic-complexity -MMD -MP -MF"Drivers/STM32L4xx_HAL_Driver/Src/stm32l4xx_hal_flash.d" -MT"Drivers/STM32L4xx_HAL_Driver/Src/stm32l4xx_hal_flash.o" --specs=nano.specs -mfpu=fpv4-sp-d16 -mfloat-abi=hard -mthumb -o "Drivers/STM32L4xx_HAL_Driver/Src/stm32l4xx_hal_flash.o"
arm-none-eabi-gcc "../Drivers/STM32L4xx_HAL_Driver/Src/stm32l4xx_hal_flash_ex.c" -mcpu=cortex-m4 -std=gnu11 -g3 -DDEBUG -DUSE_HAL_DRIVER -DSTM32L475xx -c -I../Core/Inc -I../Drivers/STM32L4xx_HAL_Driver/Inc -I../Drivers/STM32L4xx_HAL_Driver/Inc/Legacy -I../Drivers/CMSIS/Device/ST/STM32L4xx/Include -I../Drivers/CMSIS/Include -O0 -ffunction-sections -fdata-sections -Wall -fstack-usage -fcyclomatic-complexity -MMD -MP -MF"Drivers/STM32L4xx_HAL_Driver/Src/stm32l4xx_hal_flash_ex.d" -MT"Drivers/STM32L4xx_HAL_Driver/Src/stm32l4xx_hal_flash_ex.o" --specs=nano.specs -mfpu=fpv4-sp-d16 -mfloat-abi=hard -mthumb -o "Drivers/STM32L4xx_HAL_Driver/Src/stm32l4xx_hal_flash_ex.o"
arm-none-eabi-gcc "../Drivers/STM32L4xx_HAL_Driver/Src/stm32l4xx_hal_flash_ramfunc.c" -mcpu=cortex-m4 -std=gnu11 -g3 -DDEBUG -DUSE_HAL_DRIVER -DSTM32L475xx -c -I../Core/Inc -I../Drivers/STM32L4xx_HAL_Driver/Inc -I../Drivers/STM32L4xx_HAL_Driver/Inc/Legacy -I../Drivers/CMSIS/Device/ST/STM32L4xx/Include -I../Drivers/CMSIS/Include -O0 -ffunction-sections -fdata-sections -Wall -fstack-usage -fcyclomatic-complexity -MMD -MP -MF"Drivers/STM32L4xx_HAL_Driver/Src/stm32l4xx_hal_flash_ramfunc.d" -MT"Drivers/STM32L4xx_HAL_Driver/Src/stm32l4xx_hal_flash_ramfunc.o" --specs=nano.specs -mfpu=fpv4-sp-d16 -mfloat-abi=hard -mthumb -o "Drivers/STM32L4xx_HAL_Driver/Src/stm32l4xx_hal_flash_ramfunc.o"
arm-none-eabi-gcc "../Drivers/STM32L4xx_HAL_Driver/Src/stm32l4xx_hal_gpio.c" -mcpu=cortex-m4 -std=gnu11 -g3 -DDEBUG -DUSE_HAL_DRIVER -DSTM32L475xx -c -I../Core/Inc -I../Drivers/STM32L4xx_HAL_Driver/Inc -I../Drivers/STM32L4xx_HAL_Driver/Inc/Legacy -I../Drivers/CMSIS/Device/ST/STM32L4xx/Include -I../Drivers/CMSIS/Include -O0 -ffunction-sections -fdata-sections -Wall -fstack-usage -fcyclomatic-complexity -MMD -MP -MF"Drivers/STM32L4xx_HAL_Driver/Src/stm32l4xx_hal_gpio.d" -MT"Drivers/STM32L4xx_HAL_Driver/Src/stm32l4xx_hal_gpio.o" --specs=nano.specs -mfpu=fpv4-sp-d16 -mfloat-abi=hard -mthumb -o "Drivers/STM32L4xx_HAL_Driver/Src/stm32l4xx_hal_gpio.o"
arm-none-eabi-gcc "../Drivers/STM32L4xx_HAL_Driver/Src/stm32l4xx_hal_i2c.c" -mcpu=cortex-m4 -std=gnu11 -g3 -DDEBUG -DUSE_HAL_DRIVER -DSTM32L475xx -c -I../Core/Inc -I../Drivers/STM32L4xx_HAL_Driver/Inc -I../Drivers/STM32L4xx_HAL_Driver/Inc/Legacy -I../Drivers/CMSIS/Device/ST/STM32L4xx/Include -I../Drivers/CMSIS/Include -O0 -ffunction-sections -fdata-sections -Wall -fstack-usage -fcyclomatic-complexity -MMD -MP -MF"Drivers/STM32L4xx_HAL_Driver/Src/stm32l4xx_hal_i2c.d" -MT"Drivers/STM32L4xx_HAL_Driver/Src/stm32l4xx_hal_i2c.o" --specs=nano.specs -mfpu=fpv4-sp-d16 -mfloat-abi=hard -mthumb -o "Drivers/STM32L4xx_HAL_Driver/Src/stm32l4xx_hal_i2c.o"
arm-none-eabi-gcc "../Drivers/STM32L4xx_HAL_Driver/Src/stm32l4xx_hal_i2c_ex.c" -mcpu=cortex-m4 -std=gnu11 -g3 -DDEBUG -DUSE_HAL_DRIVER -DSTM32L475xx -c -I../Core/Inc -I../Drivers/STM32L4xx_HAL_Driver/Inc -I../Drivers/STM32L4xx_HAL_Driver/Inc/Legacy -I../Drivers/CMSIS/Device/ST/STM32L4xx/Include -I../Drivers/CMSIS/Include -O0 -ffunction-sections -fdata-sections -Wall -fstack-usage -fcyclomatic-complexity -MMD -MP -MF"Drivers/STM32L4xx_HAL_Driver/Src/stm32l4xx_hal_i2c_ex.d" -MT"Drivers/STM32L4xx_HAL_Driver/Src/stm32l4xx_hal_i2c_ex.o" --specs=nano.specs -mfpu=fpv4-sp-d16 -mfloat-abi=hard -mthumb -o "Drivers/STM32L4xx_HAL_Driver/Src/stm32l4xx_hal_i2c_ex.o"
arm-none-eabi-gcc "../Drivers/STM32L4xx_HAL_Driver/Src/stm32l4xx_hal_pwr.c" -mcpu=cortex-m4 -std=gnu11 -g3 -DDEBUG -DUSE_HAL_DRIVER -DSTM32L475xx -c -I../Core/Inc -I../Drivers/STM32L4xx_HAL_Driver/Inc -I../Drivers/STM32L4xx_HAL_Driver/Inc/Legacy -I../Drivers/CMSIS/Device/ST/STM32L4xx/Include -I../Drivers/CMSIS/Include -O0 -ffunction-sections -fdata-sections -Wall -fstack-usage -fcyclomatic-complexity -MMD -MP -MF"Drivers/STM32L4xx_HAL_Driver/Src/stm32l4xx_hal_pwr.d" -MT"Drivers/STM32L4xx_HAL_Driver/Src/stm32l4xx_hal_pwr.o" --specs=nano.specs -mfpu=fpv4-sp-d16 -mfloat-abi=hard -mthumb -o "Drivers/STM32L4xx_HAL_Driver/Src/stm32l4xx_hal_pwr.o"
arm-none-eabi-gcc "../Drivers/STM32L4xx_HAL_Driver/Src/stm32l4xx_hal_pwr_ex.c" -mcpu=cortex-m4 -std=gnu11 -g3 -DDEBUG -DUSE_HAL_DRIVER -DSTM32L475xx -c -I../Core/Inc -I../Drivers/STM32L4xx_HAL_Driver/Inc -I../Drivers/STM32L4xx_HAL_Driver/Inc/Legacy -I../Drivers/CMSIS/Device/ST/STM32L4xx/Include -I../Drivers/CMSIS/Include -O0 -ffunction-sections -fdata-sections -Wall -fstack-usage -fcyclomatic-complexity -MMD -MP -MF"Drivers/STM32L4xx_HAL_Driver/Src/stm32l4xx_hal_pwr_ex.d" -MT"Drivers/STM32L4xx_HAL_Driver/Src/stm32l4xx_hal_pwr_ex.o" --specs=nano.specs -mfpu=fpv4-sp-d16 -mfloat-abi=hard -mthumb -o "Drivers/STM32L4xx_HAL_Driver/Src/stm32l4xx_hal_pwr_ex.o"
arm-none-eabi-gcc "../Drivers/STM32L4xx_HAL_Driver/Src/stm32l4xx_hal_rcc.c" -mcpu=cortex-m4 -std=gnu11 -g3 -DDEBUG -DUSE_HAL_DRIVER -DSTM32L475xx -c -I../Core/Inc -I../Drivers/STM32L4xx_HAL_Driver/Inc -I../Drivers/STM32L4xx_HAL_Driver/Inc/Legacy -I../Drivers/CMSIS/Device/ST/STM32L4xx/Include -I../Drivers/CMSIS/Include -O0 -ffunction-sections -fdata-sections -Wall -fstack-usage -fcyclomatic-complexity -MMD -MP -MF"Drivers/STM32L4xx_HAL_Driver/Src/stm32l4xx_hal_rcc.d" -MT"Drivers/STM32L4xx_HAL_Driver/Src/stm32l4xx_hal_rcc.o" --specs=nano.specs -mfpu=fpv4-sp-d16 -mfloat-abi=hard -mthumb -o "Drivers/STM32L4xx_HAL_Driver/Src/stm32l4xx_hal_rcc.o"
arm-none-eabi-gcc "../Drivers/STM32L4xx_HAL_Driver/Src/stm32l4xx_hal_rcc_ex.c" -mcpu=cortex-m4 -std=gnu11 -g3 -DDEBUG -DUSE_HAL_DRIVER -DSTM32L475xx -c -I../Core/Inc -I../Drivers/STM32L4xx_HAL_Driver/Inc -I../Drivers/STM32L4xx_HAL_Driver/Inc/Legacy -I../Drivers/CMSIS/Device/ST/STM32L4xx/Include -I../Drivers/CMSIS/Include -O0 -ffunction-sections -fdata-sections -Wall -fstack-usage -fcyclomatic-complexity -MMD -MP -MF"Drivers/STM32L4xx_HAL_Driver/Src/stm32l4xx_hal_rcc_ex.d" -MT"Drivers/STM32L4xx_HAL_Driver/Src/stm32l4xx_hal_rcc_ex.o" --specs=nano.specs -mfpu=fpv4-sp-d16 -mfloat-abi=hard -mthumb -o "Drivers/STM32L4xx_HAL_Driver/Src/stm32l4xx_hal_rcc_ex.o"
arm-none-eabi-gcc "../Drivers/STM32L4xx_HAL_Driver/Src/stm32l4xx_hal_spi.c" -mcpu=cortex-m4 -std=gnu11 -g3 -DDEBUG -DUSE_HAL_DRIVER -DSTM32L475xx -c -I../Core/Inc -I../Drivers/STM32L4xx_HAL_Driver/Inc -I../Drivers/STM32L4xx_HAL_Driver/Inc/Legacy -I../Drivers/CMSIS/Device/ST/STM32L4xx/Include -I../Drivers/CMSIS/Include -O0 -ffunction-sections -fdata-sections -Wall -fstack-usage -fcyclomatic-complexity -MMD -MP -MF"Drivers/STM32L4xx_HAL_Driver/Src/stm32l4xx_hal_spi.d" -MT"Drivers/STM32L4xx_HAL_Driver/Src/stm32l4xx_hal_spi.o" --specs=nano.specs -mfpu=fpv4-sp-d16 -mfloat-abi=hard -mthumb -o "Drivers/STM32L4xx_HAL_Driver/Src/stm32l4xx_hal_spi.o"
arm-none-eabi-gcc "../Drivers/STM32L4xx_HAL_Driver/Src/stm32l4xx_hal_spi_ex.c" -mcpu=cortex-m4 -std=gnu11 -g3 -DDEBUG -DUSE_HAL_DRIVER -DSTM32L475xx -c -I../Core/Inc -I../Drivers/STM32L4xx_HAL_Driver/Inc -I../Drivers/STM32L4xx_HAL_Driver/Inc/Legacy -I../Drivers/CMSIS/Device/ST/STM32L4xx/Include -I../Drivers/CMSIS/Include -O0 -ffunction-sections -fdata-sections -Wall -fstack-usage -fcyclomatic-complexity -MMD -MP -MF"Drivers/STM32L4xx_HAL_Driver/Src/stm32l4xx_hal_spi_ex.d" -MT"Drivers/STM32L4xx_HAL_Driver/Src/stm32l4xx_hal_spi_ex.o" --specs=nano.specs -mfpu=fpv4-sp-d16 -mfloat-abi=hard -mthumb -o "Drivers/STM32L4xx_HAL_Driver/Src/stm32l4xx_hal_spi_ex.o"
arm-none-eabi-gcc "../Drivers/STM32L4xx_HAL_Driver/Src/stm32l4xx_hal_tim.c" -mcpu=cortex-m4 -std=gnu11 -g3 -DDEBUG -DUSE_HAL_DRIVER -DSTM32L475xx -c -I../Core/Inc -I../Drivers/STM32L4xx_HAL_Driver/Inc -I../Drivers/STM32L4xx_HAL_Driver/Inc/Legacy -I../Drivers/CMSIS/Device/ST/STM32L4xx/Include -I../Drivers/CMSIS/Include -O0 -ffunction-sections -fdata-sections -Wall -fstack-usage -fcyclomatic-complexity -MMD -MP -MF"Drivers/STM32L4xx_HAL_Driver/Src/stm32l4xx_hal_tim.d" -MT"Drivers/STM32L4xx_HAL_Driver/Src/stm32l4xx_hal_tim.o" --specs=nano.specs -mfpu=fpv4-sp-d16 -mfloat-abi=hard -mthumb -o "Drivers/STM32L4xx_HAL_Driver/Src/stm32l4xx_hal_tim.o"
arm-none-eabi-gcc "../Drivers/STM32L4xx_HAL_Driver/Src/stm32l4xx_hal_tim_ex.c" -mcpu=cortex-m4 -std=gnu11 -g3 -DDEBUG -DUSE_HAL_DRIVER -DSTM32L475xx -c -I../Core/Inc -I../Drivers/STM32L4xx_HAL_Driver/Inc -I../Drivers/STM32L4xx_HAL_Driver/Inc/Legacy -I../Drivers/CMSIS/Device/ST/STM32L4xx/Include -I../Drivers/CMSIS/Include -O0 -ffunction-sections -fdata-sections -Wall -fstack-usage -fcyclomatic-complexity -MMD -MP -MF"Drivers/STM32L4xx_HAL_Driver/Src/stm32l4xx_hal_tim_ex.d" -MT"Drivers/STM32L4xx_HAL_Driver/Src/stm32l4xx_hal_tim_ex.o" --specs=nano.specs -mfpu=fpv4-sp-d16 -mfloat-abi=hard -mthumb -o "Drivers/STM32L4xx_HAL_Driver/Src/stm32l4xx_hal_tim_ex.o"
arm-none-eabi-gcc -mcpu=cortex-m4 -g3 -DDEBUG -c -x assembler-with-cpp -MMD -MP -MF"Core/Startup/startup_stm32l475vgtx.d" -MT"Core/Startup/startup_stm32l475vgtx.o" --specs=nano.specs -mfpu=fpv4-sp-d16 -mfloat-abi=hard -mthumb -o "Core/Startup/startup_stm32l475vgtx.o" "../Core/Startup/startup_stm32l475vgtx.s"
arm-none-eabi-gcc "../Core/Src/ble.c" -mcpu=cortex-m4 -std=gnu11 -g3 -DDEBUG -DUSE_HAL_DRIVER -DSTM32L475xx -c -I../Core/Inc -I../Drivers/STM32L4xx_HAL_Driver/Inc -I../Drivers/STM32L4xx_HAL_Driver/Inc/Legacy -I../Drivers/CMSIS/Device/ST/STM32L4xx/Include -I../Drivers/CMSIS/Include -O0 -ffunction-sections -fdata-sections -Wall -fstack-usage -fcyclomatic-complexity -MMD -MP -MF"Core/Src/ble.d" -MT"Core/Src/ble.o" --specs=nano.specs -mfpu=fpv4-sp-d16 -mfloat-abi=hard -mthumb -o "Core/Src/ble.o"
arm-none-eabi-gcc "../Core/Src/main.c" -mcpu=cortex-m4 -std=gnu11 -g3 -DDEBUG -DUSE_HAL_DRIVER -DSTM32L475xx -c -I../Core/Inc -I../Drivers/STM32L4xx_HAL_Driver/Inc -I../Drivers/STM32L4xx_HAL_Driver/Inc/Legacy -I../Drivers/CMSIS/Device/ST/STM32L4xx/Include -I../Drivers/CMSIS/Include -O0 -ffunction-sections -fdata-sections -Wall -fstack-usage -fcyclomatic-complexity -MMD -MP -MF"Core/Src/main.d" -MT"Core/Src/main.o" --specs=nano.specs -mfpu=fpv4-sp-d16 -mfloat-abi=hard -mthumb -o "Core/Src/main.o"
arm-none-eabi-gcc "../Core/Src/stm32l4xx_hal_msp.c" -mcpu=cortex-m4 -std=gnu11 -g3 -DDEBUG -DUSE_HAL_DRIVER -DSTM32L475xx -c -I../Core/Inc -I../Drivers/STM32L4xx_HAL_Driver/Inc -I../Drivers/STM32L4xx_HAL_Driver/Inc/Legacy -I../Drivers/CMSIS/Device/ST/STM32L4xx/Include -I../Drivers/CMSIS/Include -O0 -ffunction-sections -fdata-sections -Wall -fstack-usage -fcyclomatic-complexity -MMD -MP -MF"Core/Src/stm32l4xx_hal_msp.d" -MT"Core/Src/stm32l4xx_hal_msp.o" --specs=nano.specs -mfpu=fpv4-sp-d16 -mfloat-abi=hard -mthumb -o "Core/Src/stm32l4xx_hal_msp.o"
arm-none-eabi-gcc "../Core/Src/stm32l4xx_it.c" -mcpu=cortex-m4 -std=gnu11 -g3 -DDEBUG -DUSE_HAL_DRIVER -DSTM32L475xx -c -I../Core/Inc -I../Drivers/STM32L4xx_HAL_Driver/Inc -I../Drivers/STM32L4xx_HAL_Driver/Inc/Legacy -I../Drivers/CMSIS/Device/ST/STM32L4xx/Include -I../Drivers/CMSIS/Include -O0 -ffunction-sections -fdata-sections -Wall -fstack-usage -fcyclomatic-complexity -MMD -MP -MF"Core/Src/stm32l4xx_it.d" -MT"Core/Src/stm32l4xx_it.o" --specs=nano.specs -mfpu=fpv4-sp-d16 -mfloat-abi=hard -mthumb -o "Core/Src/stm32l4xx_it.o"
arm-none-eabi-gcc "../Core/Src/syscalls.c" -mcpu=cortex-m4 -std=gnu11 -g3 -DDEBUG -DUSE_HAL_DRIVER -DSTM32L475xx -c -I../Core/Inc -I../Drivers/STM32L4xx_HAL_Driver/Inc -I../Drivers/STM32L4xx_HAL_Driver/Inc/Legacy -I../Drivers/CMSIS/Device/ST/STM32L4xx/Include -I../Drivers/CMSIS/Include -O0 -ffunction-sections -fdata-sections -Wall -fstack-usage -fcyclomatic-complexity -MMD -MP -MF"Core/Src/syscalls.d" -MT"Core/Src/syscalls.o" --specs=nano.specs -mfpu=fpv4-sp-d16 -mfloat-abi=hard -mthumb -o "Core/Src/syscalls.o"
arm-none-eabi-gcc "../Core/Src/system_stm32l4xx.c" -mcpu=cortex-m4 -std=gnu11 -g3 -DDEBUG -DUSE_HAL_DRIVER -DSTM32L475xx -c -I../Core/Inc -I../Drivers/STM32L4xx_HAL_Driver/Inc -I../Drivers/STM32L4xx_HAL_Driver/Inc/Legacy -I../Drivers/CMSIS/Device/ST/STM32L4xx/Include -I../Drivers/CMSIS/Include -O0 -ffunction-sections -fdata-sections -Wall -fstack-usage -fcyclomatic-complexity -MMD -MP -MF"Core/Src/system_stm32l4xx.d" -MT"Core/Src/system_stm32l4xx.o" --specs=nano.specs -mfpu=fpv4-sp-d16 -mfloat-abi=hard -mthumb -o "Core/Src/system_stm32l4xx.o"
arm-none-eabi-gcc -o "youlostit-ble.elf" @"objects.list"   -mcpu=cortex-m4 -T"C:\19000\youlostit-ble\STM32L475VGTX_FLASH.ld" --specs=nosys.specs -Wl,-Map="youlostit-ble.map" -Wl,--gc-sections -static --specs=nano.specs -mfpu=fpv4-sp-d16 -mfloat-abi=hard -mthumb -Wl,--start-group -lc -lm -Wl,--end-group
Finished building target: youlostit-ble.elf
 
arm-none-eabi-size   youlostit-ble.elf 
arm-none-eabi-objdump -h -S  youlostit-ble.elf  > "youlostit-ble.list"
   text	   data	    bss	    dec	    hex	filename
  12464	    392	   2288	  15144	   3b28	youlostit-ble.elf
Finished building: default.size.stdout
 
Finished building: youlostit-ble.list
 
12:07:16 **** Incremental Build of configuration Debug for project youlostit-ble ****
make -j8 all 
arm-none-eabi-size   youlostit-ble.elf 
   text	   data	    bss	    dec	    hex	filename
  12464	    392	   2288	  15144	   3b28	youlostit-ble.elf
Finished building: default.size.stdout
 
12:08:45 **** Incremental Build of configuration Debug for project youlostit-ble ****
make -j8 all 
arm-none-eabi-gcc "../Drivers/STM32L4xx_HAL_Driver/Src/stm32l4xx_hal.c" -mcpu=cortex-m4 -std=gnu11 -g3 -DDEBUG -DUSE_HAL_DRIVER -DSTM32L475xx -c -I../Core/Inc -I../Drivers/STM32L4xx_HAL_Driver/Inc -I../Drivers/STM32L4xx_HAL_Driver/Inc/Legacy -I../Drivers/CMSIS/Device/ST/STM32L4xx/Include -I../Drivers/CMSIS/Include -O0 -ffunction-sections -fdata-sections -Wall -fstack-usage -fcyclomatic-complexity -MMD -MP -MF"Drivers/STM32L4xx_HAL_Driver/Src/stm32l4xx_hal.d" -MT"Drivers/STM32L4xx_HAL_Driver/Src/stm32l4xx_hal.o" --specs=nano.specs -mfpu=fpv4-sp-d16 -mfloat-abi=hard -mthumb -o "Drivers/STM32L4xx_HAL_Driver/Src/stm32l4xx_hal.o"
arm-none-eabi-gcc "../Drivers/STM32L4xx_HAL_Driver/Src/stm32l4xx_hal_cortex.c" -mcpu=cortex-m4 -std=gnu11 -g3 -DDEBUG -DUSE_HAL_DRIVER -DSTM32L475xx -c -I../Core/Inc -I../Drivers/STM32L4xx_HAL_Driver/Inc -I../Drivers/STM32L4xx_HAL_Driver/Inc/Legacy -I../Drivers/CMSIS/Device/ST/STM32L4xx/Include -I../Drivers/CMSIS/Include -O0 -ffunction-sections -fdata-sections -Wall -fstack-usage -fcyclomatic-complexity -MMD -MP -MF"Drivers/STM32L4xx_HAL_Driver/Src/stm32l4xx_hal_cortex.d" -MT"Drivers/STM32L4xx_HAL_Driver/Src/stm32l4xx_hal_cortex.o" --specs=nano.specs -mfpu=fpv4-sp-d16 -mfloat-abi=hard -mthumb -o "Drivers/STM32L4xx_HAL_Driver/Src/stm32l4xx_hal_cortex.o"
arm-none-eabi-gcc "../Drivers/STM32L4xx_HAL_Driver/Src/stm32l4xx_hal_dma.c" -mcpu=cortex-m4 -std=gnu11 -g3 -DDEBUG -DUSE_HAL_DRIVER -DSTM32L475xx -c -I../Core/Inc -I../Drivers/STM32L4xx_HAL_Driver/Inc -I../Drivers/STM32L4xx_HAL_Driver/Inc/Legacy -I../Drivers/CMSIS/Device/ST/STM32L4xx/Include -I../Drivers/CMSIS/Include -O0 -ffunction-sections -fdata-sections -Wall -fstack-usage -fcyclomatic-complexity -MMD -MP -MF"Drivers/STM32L4xx_HAL_Driver/Src/stm32l4xx_hal_dma.d" -MT"Drivers/STM32L4xx_HAL_Driver/Src/stm32l4xx_hal_dma.o" --specs=nano.specs -mfpu=fpv4-sp-d16 -mfloat-abi=hard -mthumb -o "Drivers/STM32L4xx_HAL_Driver/Src/stm32l4xx_hal_dma.o"
arm-none-eabi-gcc "../Drivers/STM32L4xx_HAL_Driver/Src/stm32l4xx_hal_dma_ex.c" -mcpu=cortex-m4 -std=gnu11 -g3 -DDEBUG -DUSE_HAL_DRIVER -DSTM32L475xx -c -I../Core/Inc -I../Drivers/STM32L4xx_HAL_Driver/Inc -I../Drivers/STM32L4xx_HAL_Driver/Inc/Legacy -I../Drivers/CMSIS/Device/ST/STM32L4xx/Include -I../Drivers/CMSIS/Include -O0 -ffunction-sections -fdata-sections -Wall -fstack-usage -fcyclomatic-complexity -MMD -MP -MF"Drivers/STM32L4xx_HAL_Driver/Src/stm32l4xx_hal_dma_ex.d" -MT"Drivers/STM32L4xx_HAL_Driver/Src/stm32l4xx_hal_dma_ex.o" --specs=nano.specs -mfpu=fpv4-sp-d16 -mfloat-abi=hard -mthumb -o "Drivers/STM32L4xx_HAL_Driver/Src/stm32l4xx_hal_dma_ex.o"
arm-none-eabi-gcc "../Drivers/STM32L4xx_HAL_Driver/Src/stm32l4xx_hal_exti.c" -mcpu=cortex-m4 -std=gnu11 -g3 -DDEBUG -DUSE_HAL_DRIVER -DSTM32L475xx -c -I../Core/Inc -I../Drivers/STM32L4xx_HAL_Driver/Inc -I../Drivers/STM32L4xx_HAL_Driver/Inc/Legacy -I../Drivers/CMSIS/Device/ST/STM32L4xx/Include -I../Drivers/CMSIS/Include -O0 -ffunction-sections -fdata-sections -Wall -fstack-usage -fcyclomatic-complexity -MMD -MP -MF"Drivers/STM32L4xx_HAL_Driver/Src/stm32l4xx_hal_exti.d" -MT"Drivers/STM32L4xx_HAL_Driver/Src/stm32l4xx_hal_exti.o" --specs=nano.specs -mfpu=fpv4-sp-d16 -mfloat-abi=hard -mthumb -o "Drivers/STM32L4xx_HAL_Driver/Src/stm32l4xx_hal_exti.o"
arm-none-eabi-gcc "../Drivers/STM32L4xx_HAL_Driver/Src/stm32l4xx_hal_flash.c" -mcpu=cortex-m4 -std=gnu11 -g3 -DDEBUG -DUSE_HAL_DRIVER -DSTM32L475xx -c -I../Core/Inc -I../Drivers/STM32L4xx_HAL_Driver/Inc -I../Drivers/STM32L4xx_HAL_Driver/Inc/Legacy -I../Drivers/CMSIS/Device/ST/STM32L4xx/Include -I../Drivers/CMSIS/Include -O0 -ffunction-sections -fdata-sections -Wall -fstack-usage -fcyclomatic-complexity -MMD -MP -MF"Drivers/STM32L4xx_HAL_Driver/Src/stm32l4xx_hal_flash.d" -MT"Drivers/STM32L4xx_HAL_Driver/Src/stm32l4xx_hal_flash.o" --specs=nano.specs -mfpu=fpv4-sp-d16 -mfloat-abi=hard -mthumb -o "Drivers/STM32L4xx_HAL_Driver/Src/stm32l4xx_hal_flash.o"
arm-none-eabi-gcc "../Drivers/STM32L4xx_HAL_Driver/Src/stm32l4xx_hal_flash_ex.c" -mcpu=cortex-m4 -std=gnu11 -g3 -DDEBUG -DUSE_HAL_DRIVER -DSTM32L475xx -c -I../Core/Inc -I../Drivers/STM32L4xx_HAL_Driver/Inc -I../Drivers/STM32L4xx_HAL_Driver/Inc/Legacy -I../Drivers/CMSIS/Device/ST/STM32L4xx/Include -I../Drivers/CMSIS/Include -O0 -ffunction-sections -fdata-sections -Wall -fstack-usage -fcyclomatic-complexity -MMD -MP -MF"Drivers/STM32L4xx_HAL_Driver/Src/stm32l4xx_hal_flash_ex.d" -MT"Drivers/STM32L4xx_HAL_Driver/Src/stm32l4xx_hal_flash_ex.o" --specs=nano.specs -mfpu=fpv4-sp-d16 -mfloat-abi=hard -mthumb -o "Drivers/STM32L4xx_HAL_Driver/Src/stm32l4xx_hal_flash_ex.o"
arm-none-eabi-gcc "../Drivers/STM32L4xx_HAL_Driver/Src/stm32l4xx_hal_flash_ramfunc.c" -mcpu=cortex-m4 -std=gnu11 -g3 -DDEBUG -DUSE_HAL_DRIVER -DSTM32L475xx -c -I../Core/Inc -I../Drivers/STM32L4xx_HAL_Driver/Inc -I../Drivers/STM32L4xx_HAL_Driver/Inc/Legacy -I../Drivers/CMSIS/Device/ST/STM32L4xx/Include -I../Drivers/CMSIS/Include -O0 -ffunction-sections -fdata-sections -Wall -fstack-usage -fcyclomatic-complexity -MMD -MP -MF"Drivers/STM32L4xx_HAL_Driver/Src/stm32l4xx_hal_flash_ramfunc.d" -MT"Drivers/STM32L4xx_HAL_Driver/Src/stm32l4xx_hal_flash_ramfunc.o" --specs=nano.specs -mfpu=fpv4-sp-d16 -mfloat-abi=hard -mthumb -o "Drivers/STM32L4xx_HAL_Driver/Src/stm32l4xx_hal_flash_ramfunc.o"
arm-none-eabi-gcc "../Drivers/STM32L4xx_HAL_Driver/Src/stm32l4xx_hal_gpio.c" -mcpu=cortex-m4 -std=gnu11 -g3 -DDEBUG -DUSE_HAL_DRIVER -DSTM32L475xx -c -I../Core/Inc -I../Drivers/STM32L4xx_HAL_Driver/Inc -I../Drivers/STM32L4xx_HAL_Driver/Inc/Legacy -I../Drivers/CMSIS/Device/ST/STM32L4xx/Include -I../Drivers/CMSIS/Include -O0 -ffunction-sections -fdata-sections -Wall -fstack-usage -fcyclomatic-complexity -MMD -MP -MF"Drivers/STM32L4xx_HAL_Driver/Src/stm32l4xx_hal_gpio.d" -MT"Drivers/STM32L4xx_HAL_Driver/Src/stm32l4xx_hal_gpio.o" --specs=nano.specs -mfpu=fpv4-sp-d16 -mfloat-abi=hard -mthumb -o "Drivers/STM32L4xx_HAL_Driver/Src/stm32l4xx_hal_gpio.o"
arm-none-eabi-gcc "../Drivers/STM32L4xx_HAL_Driver/Src/stm32l4xx_hal_i2c.c" -mcpu=cortex-m4 -std=gnu11 -g3 -DDEBUG -DUSE_HAL_DRIVER -DSTM32L475xx -c -I../Core/Inc -I../Drivers/STM32L4xx_HAL_Driver/Inc -I../Drivers/STM32L4xx_HAL_Driver/Inc/Legacy -I../Drivers/CMSIS/Device/ST/STM32L4xx/Include -I../Drivers/CMSIS/Include -O0 -ffunction-sections -fdata-sections -Wall -fstack-usage -fcyclomatic-complexity -MMD -MP -MF"Drivers/STM32L4xx_HAL_Driver/Src/stm32l4xx_hal_i2c.d" -MT"Drivers/STM32L4xx_HAL_Driver/Src/stm32l4xx_hal_i2c.o" --specs=nano.specs -mfpu=fpv4-sp-d16 -mfloat-abi=hard -mthumb -o "Drivers/STM32L4xx_HAL_Driver/Src/stm32l4xx_hal_i2c.o"
arm-none-eabi-gcc "../Drivers/STM32L4xx_HAL_Driver/Src/stm32l4xx_hal_i2c_ex.c" -mcpu=cortex-m4 -std=gnu11 -g3 -DDEBUG -DUSE_HAL_DRIVER -DSTM32L475xx -c -I../Core/Inc -I../Drivers/STM32L4xx_HAL_Driver/Inc -I../Drivers/STM32L4xx_HAL_Driver/Inc/Legacy -I../Drivers/CMSIS/Device/ST/STM32L4xx/Include -I../Drivers/CMSIS/Include -O0 -ffunction-sections -fdata-sections -Wall -fstack-usage -fcyclomatic-complexity -MMD -MP -MF"Drivers/STM32L4xx_HAL_Driver/Src/stm32l4xx_hal_i2c_ex.d" -MT"Drivers/STM32L4xx_HAL_Driver/Src/stm32l4xx_hal_i2c_ex.o" --specs=nano.specs -mfpu=fpv4-sp-d16 -mfloat-abi=hard -mthumb -o "Drivers/STM32L4xx_HAL_Driver/Src/stm32l4xx_hal_i2c_ex.o"
arm-none-eabi-gcc "../Drivers/STM32L4xx_HAL_Driver/Src/stm32l4xx_hal_pwr.c" -mcpu=cortex-m4 -std=gnu11 -g3 -DDEBUG -DUSE_HAL_DRIVER -DSTM32L475xx -c -I../Core/Inc -I../Drivers/STM32L4xx_HAL_Driver/Inc -I../Drivers/STM32L4xx_HAL_Driver/Inc/Legacy -I../Drivers/CMSIS/Device/ST/STM32L4xx/Include -I../Drivers/CMSIS/Include -O0 -ffunction-sections -fdata-sections -Wall -fstack-usage -fcyclomatic-complexity -MMD -MP -MF"Drivers/STM32L4xx_HAL_Driver/Src/stm32l4xx_hal_pwr.d" -MT"Drivers/STM32L4xx_HAL_Driver/Src/stm32l4xx_hal_pwr.o" --specs=nano.specs -mfpu=fpv4-sp-d16 -mfloat-abi=hard -mthumb -o "Drivers/STM32L4xx_HAL_Driver/Src/stm32l4xx_hal_pwr.o"
arm-none-eabi-gcc "../Drivers/STM32L4xx_HAL_Driver/Src/stm32l4xx_hal_pwr_ex.c" -mcpu=cortex-m4 -std=gnu11 -g3 -DDEBUG -DUSE_HAL_DRIVER -DSTM32L475xx -c -I../Core/Inc -I../Drivers/STM32L4xx_HAL_Driver/Inc -I../Drivers/STM32L4xx_HAL_Driver/Inc/Legacy -I../Drivers/CMSIS/Device/ST/STM32L4xx/Include -I../Drivers/CMSIS/Include -O0 -ffunction-sections -fdata-sections -Wall -fstack-usage -fcyclomatic-complexity -MMD -MP -MF"Drivers/STM32L4xx_HAL_Driver/Src/stm32l4xx_hal_pwr_ex.d" -MT"Drivers/STM32L4xx_HAL_Driver/Src/stm32l4xx_hal_pwr_ex.o" --specs=nano.specs -mfpu=fpv4-sp-d16 -mfloat-abi=hard -mthumb -o "Drivers/STM32L4xx_HAL_Driver/Src/stm32l4xx_hal_pwr_ex.o"
arm-none-eabi-gcc "../Drivers/STM32L4xx_HAL_Driver/Src/stm32l4xx_hal_rcc.c" -mcpu=cortex-m4 -std=gnu11 -g3 -DDEBUG -DUSE_HAL_DRIVER -DSTM32L475xx -c -I../Core/Inc -I../Drivers/STM32L4xx_HAL_Driver/Inc -I../Drivers/STM32L4xx_HAL_Driver/Inc/Legacy -I../Drivers/CMSIS/Device/ST/STM32L4xx/Include -I../Drivers/CMSIS/Include -O0 -ffunction-sections -fdata-sections -Wall -fstack-usage -fcyclomatic-complexity -MMD -MP -MF"Drivers/STM32L4xx_HAL_Driver/Src/stm32l4xx_hal_rcc.d" -MT"Drivers/STM32L4xx_HAL_Driver/Src/stm32l4xx_hal_rcc.o" --specs=nano.specs -mfpu=fpv4-sp-d16 -mfloat-abi=hard -mthumb -o "Drivers/STM32L4xx_HAL_Driver/Src/stm32l4xx_hal_rcc.o"
arm-none-eabi-gcc "../Drivers/STM32L4xx_HAL_Driver/Src/stm32l4xx_hal_rcc_ex.c" -mcpu=cortex-m4 -std=gnu11 -g3 -DDEBUG -DUSE_HAL_DRIVER -DSTM32L475xx -c -I../Core/Inc -I../Drivers/STM32L4xx_HAL_Driver/Inc -I../Drivers/STM32L4xx_HAL_Driver/Inc/Legacy -I../Drivers/CMSIS/Device/ST/STM32L4xx/Include -I../Drivers/CMSIS/Include -O0 -ffunction-sections -fdata-sections -Wall -fstack-usage -fcyclomatic-complexity -MMD -MP -MF"Drivers/STM32L4xx_HAL_Driver/Src/stm32l4xx_hal_rcc_ex.d" -MT"Drivers/STM32L4xx_HAL_Driver/Src/stm32l4xx_hal_rcc_ex.o" --specs=nano.specs -mfpu=fpv4-sp-d16 -mfloat-abi=hard -mthumb -o "Drivers/STM32L4xx_HAL_Driver/Src/stm32l4xx_hal_rcc_ex.o"
arm-none-eabi-gcc "../Drivers/STM32L4xx_HAL_Driver/Src/stm32l4xx_hal_spi.c" -mcpu=cortex-m4 -std=gnu11 -g3 -DDEBUG -DUSE_HAL_DRIVER -DSTM32L475xx -c -I../Core/Inc -I../Drivers/STM32L4xx_HAL_Driver/Inc -I../Drivers/STM32L4xx_HAL_Driver/Inc/Legacy -I../Drivers/CMSIS/Device/ST/STM32L4xx/Include -I../Drivers/CMSIS/Include -O0 -ffunction-sections -fdata-sections -Wall -fstack-usage -fcyclomatic-complexity -MMD -MP -MF"Drivers/STM32L4xx_HAL_Driver/Src/stm32l4xx_hal_spi.d" -MT"Drivers/STM32L4xx_HAL_Driver/Src/stm32l4xx_hal_spi.o" --specs=nano.specs -mfpu=fpv4-sp-d16 -mfloat-abi=hard -mthumb -o "Drivers/STM32L4xx_HAL_Driver/Src/stm32l4xx_hal_spi.o"
arm-none-eabi-gcc "../Drivers/STM32L4xx_HAL_Driver/Src/stm32l4xx_hal_spi_ex.c" -mcpu=cortex-m4 -std=gnu11 -g3 -DDEBUG -DUSE_HAL_DRIVER -DSTM32L475xx -c -I../Core/Inc -I../Drivers/STM32L4xx_HAL_Driver/Inc -I../Drivers/STM32L4xx_HAL_Driver/Inc/Legacy -I../Drivers/CMSIS/Device/ST/STM32L4xx/Include -I../Drivers/CMSIS/Include -O0 -ffunction-sections -fdata-sections -Wall -fstack-usage -fcyclomatic-complexity -MMD -MP -MF"Drivers/STM32L4xx_HAL_Driver/Src/stm32l4xx_hal_spi_ex.d" -MT"Drivers/STM32L4xx_HAL_Driver/Src/stm32l4xx_hal_spi_ex.o" --specs=nano.specs -mfpu=fpv4-sp-d16 -mfloat-abi=hard -mthumb -o "Drivers/STM32L4xx_HAL_Driver/Src/stm32l4xx_hal_spi_ex.o"
arm-none-eabi-gcc "../Drivers/STM32L4xx_HAL_Driver/Src/stm32l4xx_hal_tim.c" -mcpu=cortex-m4 -std=gnu11 -g3 -DDEBUG -DUSE_HAL_DRIVER -DSTM32L475xx -c -I../Core/Inc -I../Drivers/STM32L4xx_HAL_Driver/Inc -I../Drivers/STM32L4xx_HAL_Driver/Inc/Legacy -I../Drivers/CMSIS/Device/ST/STM32L4xx/Include -I../Drivers/CMSIS/Include -O0 -ffunction-sections -fdata-sections -Wall -fstack-usage -fcyclomatic-complexity -MMD -MP -MF"Drivers/STM32L4xx_HAL_Driver/Src/stm32l4xx_hal_tim.d" -MT"Drivers/STM32L4xx_HAL_Driver/Src/stm32l4xx_hal_tim.o" --specs=nano.specs -mfpu=fpv4-sp-d16 -mfloat-abi=hard -mthumb -o "Drivers/STM32L4xx_HAL_Driver/Src/stm32l4xx_hal_tim.o"
arm-none-eabi-gcc "../Drivers/STM32L4xx_HAL_Driver/Src/stm32l4xx_hal_tim_ex.c" -mcpu=cortex-m4 -std=gnu11 -g3 -DDEBUG -DUSE_HAL_DRIVER -DSTM32L475xx -c -I../Core/Inc -I../Drivers/STM32L4xx_HAL_Driver/Inc -I../Drivers/STM32L4xx_HAL_Driver/Inc/Legacy -I../Drivers/CMSIS/Device/ST/STM32L4xx/Include -I../Drivers/CMSIS/Include -O0 -ffunction-sections -fdata-sections -Wall -fstack-usage -fcyclomatic-complexity -MMD -MP -MF"Drivers/STM32L4xx_HAL_Driver/Src/stm32l4xx_hal_tim_ex.d" -MT"Drivers/STM32L4xx_HAL_Driver/Src/stm32l4xx_hal_tim_ex.o" --specs=nano.specs -mfpu=fpv4-sp-d16 -mfloat-abi=hard -mthumb -o "Drivers/STM32L4xx_HAL_Driver/Src/stm32l4xx_hal_tim_ex.o"
arm-none-eabi-gcc "../Core/Src/ble.c" -mcpu=cortex-m4 -std=gnu11 -g3 -DDEBUG -DUSE_HAL_DRIVER -DSTM32L475xx -c -I../Core/Inc -I../Drivers/STM32L4xx_HAL_Driver/Inc -I../Drivers/STM32L4xx_HAL_Driver/Inc/Legacy -I../Drivers/CMSIS/Device/ST/STM32L4xx/Include -I../Drivers/CMSIS/Include -O0 -ffunction-sections -fdata-sections -Wall -fstack-usage -fcyclomatic-complexity -MMD -MP -MF"Core/Src/ble.d" -MT"Core/Src/ble.o" --specs=nano.specs -mfpu=fpv4-sp-d16 -mfloat-abi=hard -mthumb -o "Core/Src/ble.o"
arm-none-eabi-gcc "../Core/Src/i2c.c" -mcpu=cortex-m4 -std=gnu11 -g3 -DDEBUG -DUSE_HAL_DRIVER -DSTM32L475xx -c -I../Core/Inc -I../Drivers/STM32L4xx_HAL_Driver/Inc -I../Drivers/STM32L4xx_HAL_Driver/Inc/Legacy -I../Drivers/CMSIS/Device/ST/STM32L4xx/Include -I../Drivers/CMSIS/Include -O0 -ffunction-sections -fdata-sections -Wall -fstack-usage -fcyclomatic-complexity -MMD -MP -MF"Core/Src/i2c.d" -MT"Core/Src/i2c.o" --specs=nano.specs -mfpu=fpv4-sp-d16 -mfloat-abi=hard -mthumb -o "Core/Src/i2c.o"
arm-none-eabi-gcc "../Core/Src/leds.c" -mcpu=cortex-m4 -std=gnu11 -g3 -DDEBUG -DUSE_HAL_DRIVER -DSTM32L475xx -c -I../Core/Inc -I../Drivers/STM32L4xx_HAL_Driver/Inc -I../Drivers/STM32L4xx_HAL_Driver/Inc/Legacy -I../Drivers/CMSIS/Device/ST/STM32L4xx/Include -I../Drivers/CMSIS/Include -O0 -ffunction-sections -fdata-sections -Wall -fstack-usage -fcyclomatic-complexity -MMD -MP -MF"Core/Src/leds.d" -MT"Core/Src/leds.o" --specs=nano.specs -mfpu=fpv4-sp-d16 -mfloat-abi=hard -mthumb -o "Core/Src/leds.o"
arm-none-eabi-gcc "../Core/Src/lsm6dsl.c" -mcpu=cortex-m4 -std=gnu11 -g3 -DDEBUG -DUSE_HAL_DRIVER -DSTM32L475xx -c -I../Core/Inc -I../Drivers/STM32L4xx_HAL_Driver/Inc -I../Drivers/STM32L4xx_HAL_Driver/Inc/Legacy -I../Drivers/CMSIS/Device/ST/STM32L4xx/Include -I../Drivers/CMSIS/Include -O0 -ffunction-sections -fdata-sections -Wall -fstack-usage -fcyclomatic-complexity -MMD -MP -MF"Core/Src/lsm6dsl.d" -MT"Core/Src/lsm6dsl.o" --specs=nano.specs -mfpu=fpv4-sp-d16 -mfloat-abi=hard -mthumb -o "Core/Src/lsm6dsl.o"
arm-none-eabi-gcc "../Core/Src/main.c" -mcpu=cortex-m4 -std=gnu11 -g3 -DDEBUG -DUSE_HAL_DRIVER -DSTM32L475xx -c -I../Core/Inc -I../Drivers/STM32L4xx_HAL_Driver/Inc -I../Drivers/STM32L4xx_HAL_Driver/Inc/Legacy -I../Drivers/CMSIS/Device/ST/STM32L4xx/Include -I../Drivers/CMSIS/Include -O0 -ffunction-sections -fdata-sections -Wall -fstack-usage -fcyclomatic-complexity -MMD -MP -MF"Core/Src/main.d" -MT"Core/Src/main.o" --specs=nano.specs -mfpu=fpv4-sp-d16 -mfloat-abi=hard -mthumb -o "Core/Src/main.o"
../Core/Src/i2c.c: In function 'i2c_transaction':
../Core/Src/i2c.c:181:1: warning: control reaches end of non-void function [-Wreturn-type]
  181 | }
      | ^
../Core/Src/lsm6dsl.c: In function 'lsm6dsl_init':
../Core/Src/lsm6dsl.c:19:9: warning: implicit declaration of function 'i2c_transaction' [-Wimplicit-function-declaration]
   19 |         i2c_transaction(addr, dir, data1, 2);
      |         ^~~~~~~~~~~~~~~
../Core/Src/lsm6dsl.c: In function 'lsm6dsl_read_xyz':
../Core/Src/lsm6dsl.c:77:9: warning: implicit declaration of function 'printf' [-Wimplicit-function-declaration]
   77 |         printf("x: %d\n",tmpx);
      |         ^~~~~~
../Core/Src/lsm6dsl.c:11:1: note: include '<stdio.h>' or provide a declaration of 'printf'
   10 | #include <stm32l475xx.h>
  +++ |+#include <stdio.h>
   11 | 
../Core/Src/lsm6dsl.c:77:9: warning: incompatible implicit declaration of built-in function 'printf' [-Wbuiltin-declaration-mismatch]
   77 |         printf("x: %d\n",tmpx);
      |         ^~~~~~
../Core/Src/lsm6dsl.c:77:9: note: include '<stdio.h>' or provide a declaration of 'printf'
../Core/Src/lsm6dsl.c:34:17: warning: unused variable 'data' [-Wunused-variable]
   34 |         uint8_t data[2] = {0x1E, 0}; // STATUS_REG(addr) (1Eh), LSM6DSL(addr)+1(read) (D5h)
      |                 ^~~~
../Core/Src/lsm6dsl.c:33:17: warning: unused variable 'dir' [-Wunused-variable]
   33 |         uint8_t dir = 1; // reading
      |                 ^~~
../Core/Src/main.c: In function 'main':
../Core/Src/main.c:71:9: warning: implicit declaration of function 'timer_init'; did you mean 'i2c_init'? [-Wimplicit-function-declaration]
   71 |         timer_init(TIM2);
      |         ^~~~~~~~~~
      |         i2c_init
../Core/Src/main.c:92:42: warning: passing argument 1 of 'lsm6dsl_read_xyz' discards 'volatile' qualifier from pointer target type [-Wdiscarded-qualifiers]
   92 |                         lsm6dsl_read_xyz(&x,&y,&z);
      |                                          ^~
In file included from ../Core/Src/main.c:30:
../Core/Inc/lsm6dsl.h:15:32: note: expected 'int16_t *' {aka 'short int *'} but argument is of type 'volatile int16_t *' {aka 'volatile short int *'}
   15 | void lsm6dsl_read_xyz(int16_t* x, int16_t* y, int16_t* z);
      |                       ~~~~~~~~~^
../Core/Src/main.c:92:45: warning: passing argument 2 of 'lsm6dsl_read_xyz' discards 'volatile' qualifier from pointer target type [-Wdiscarded-qualifiers]
   92 |                         lsm6dsl_read_xyz(&x,&y,&z);
      |                                             ^~
In file included from ../Core/Src/main.c:30:
../Core/Inc/lsm6dsl.h:15:44: note: expected 'int16_t *' {aka 'short int *'} but argument is of type 'volatile int16_t *' {aka 'volatile short int *'}
   15 | void lsm6dsl_read_xyz(int16_t* x, int16_t* y, int16_t* z);
      |                                   ~~~~~~~~~^
../Core/Src/main.c:92:48: warning: passing argument 3 of 'lsm6dsl_read_xyz' discards 'volatile' qualifier from pointer target type [-Wdiscarded-qualifiers]
   92 |                         lsm6dsl_read_xyz(&x,&y,&z);
      |                                                ^~
In file included from ../Core/Src/main.c:30:
../Core/Inc/lsm6dsl.h:15:56: note: expected 'int16_t *' {aka 'short int *'} but argument is of type 'volatile int16_t *' {aka 'volatile short int *'}
   15 | void lsm6dsl_read_xyz(int16_t* x, int16_t* y, int16_t* z);
      |                                               ~~~~~~~~~^
../Core/Src/main.c:99:25: warning: implicit declaration of function 'timer_set_ms' [-Wimplicit-function-declaration]
arm-none-eabi-gcc "../Core/Src/stm32l4xx_hal_msp.c" -mcpu=cortex-m4 -std=gnu11 -g3 -DDEBUG -DUSE_HAL_DRIVER -DSTM32L475xx -c -I../Core/Inc -I../Drivers/STM32L4xx_HAL_Driver/Inc -I../Drivers/STM32L4xx_HAL_Driver/Inc/Legacy -I../Drivers/CMSIS/Device/ST/STM32L4xx/Include -I../Drivers/CMSIS/Include -O0 -ffunction-sections -fdata-sections -Wall -fstack-usage -fcyclomatic-complexity -MMD -MP -MF"Core/Src/stm32l4xx_hal_msp.d" -MT"Core/Src/stm32l4xx_hal_msp.o" --specs=nano.specs -mfpu=fpv4-sp-d16 -mfloat-abi=hard -mthumb -o "Core/Src/stm32l4xx_hal_msp.o"
   99 |                         timer_set_ms(TIM2,2500); //30000
      |                         ^~~~~~~~~~~~
../Core/Src/main.c:104:50: warning: passing argument 1 of 'lsm6dsl_read_xyz' discards 'volatile' qualifier from pointer target type [-Wdiscarded-qualifiers]
  104 |                                 lsm6dsl_read_xyz(&x,&y,&z);
      |                                                  ^~
In file included from ../Core/Src/main.c:30:
../Core/Inc/lsm6dsl.h:15:32: note: expected 'int16_t *' {aka 'short int *'} but argument is of type 'volatile int16_t *' {aka 'volatile short int *'}
   15 | void lsm6dsl_read_xyz(int16_t* x, int16_t* y, int16_t* z);
      |                       ~~~~~~~~~^
../Core/Src/main.c:104:53: warning: passing argument 2 of 'lsm6dsl_read_xyz' discards 'volatile' qualifier from pointer target type [-Wdiscarded-qualifiers]
  104 |                                 lsm6dsl_read_xyz(&x,&y,&z);
      |                                                     ^~
In file included from ../Core/Src/main.c:30:
../Core/Inc/lsm6dsl.h:15:44: note: expected 'int16_t *' {aka 'short int *'} but argument is of type 'volatile int16_t *' {aka 'volatile short int *'}
   15 | void lsm6dsl_read_xyz(int16_t* x, int16_t* y, int16_t* z);
      |                                   ~~~~~~~~~^
../Core/Src/main.c:104:56: warning: passing argument 3 of 'lsm6dsl_read_xyz' discards 'volatile' qualifier from pointer target type [-Wdiscarded-qualifiers]
  104 |                                 lsm6dsl_read_xyz(&x,&y,&z);
      |                                                        ^~
In file included from ../Core/Src/main.c:30:
../Core/Inc/lsm6dsl.h:15:56: note: expected 'int16_t *' {aka 'short int *'} but argument is of type 'volatile int16_t *' {aka 'volatile short int *'}
   15 | void lsm6dsl_read_xyz(int16_t* x, int16_t* y, int16_t* z);
      |                                               ~~~~~~~~~^
../Core/Src/main.c:69:11: warning: variable 'standby' set but not used [-Wunused-but-set-variable]
   69 |   uint8_t standby = 0;
      |           ^~~~~~~
../Core/Src/main.c: In function 'TIM2_IRQHandler':
../Core/Src/main.c:134:9: warning: implicit declaration of function 'timer_reset' [-Wimplicit-function-declaration]
  134 |         timer_reset(TIM2);
      |         ^~~~~~~~~~~
arm-none-eabi-gcc "../Core/Src/stm32l4xx_it.c" -mcpu=cortex-m4 -std=gnu11 -g3 -DDEBUG -DUSE_HAL_DRIVER -DSTM32L475xx -c -I../Core/Inc -I../Drivers/STM32L4xx_HAL_Driver/Inc -I../Drivers/STM32L4xx_HAL_Driver/Inc/Legacy -I../Drivers/CMSIS/Device/ST/STM32L4xx/Include -I../Drivers/CMSIS/Include -O0 -ffunction-sections -fdata-sections -Wall -fstack-usage -fcyclomatic-complexity -MMD -MP -MF"Core/Src/stm32l4xx_it.d" -MT"Core/Src/stm32l4xx_it.o" --specs=nano.specs -mfpu=fpv4-sp-d16 -mfloat-abi=hard -mthumb -o "Core/Src/stm32l4xx_it.o"
arm-none-eabi-gcc "../Core/Src/syscalls.c" -mcpu=cortex-m4 -std=gnu11 -g3 -DDEBUG -DUSE_HAL_DRIVER -DSTM32L475xx -c -I../Core/Inc -I../Drivers/STM32L4xx_HAL_Driver/Inc -I../Drivers/STM32L4xx_HAL_Driver/Inc/Legacy -I../Drivers/CMSIS/Device/ST/STM32L4xx/Include -I../Drivers/CMSIS/Include -O0 -ffunction-sections -fdata-sections -Wall -fstack-usage -fcyclomatic-complexity -MMD -MP -MF"Core/Src/syscalls.d" -MT"Core/Src/syscalls.o" --specs=nano.specs -mfpu=fpv4-sp-d16 -mfloat-abi=hard -mthumb -o "Core/Src/syscalls.o"
arm-none-eabi-gcc "../Core/Src/system_stm32l4xx.c" -mcpu=cortex-m4 -std=gnu11 -g3 -DDEBUG -DUSE_HAL_DRIVER -DSTM32L475xx -c -I../Core/Inc -I../Drivers/STM32L4xx_HAL_Driver/Inc -I../Drivers/STM32L4xx_HAL_Driver/Inc/Legacy -I../Drivers/CMSIS/Device/ST/STM32L4xx/Include -I../Drivers/CMSIS/Include -O0 -ffunction-sections -fdata-sections -Wall -fstack-usage -fcyclomatic-complexity -MMD -MP -MF"Core/Src/system_stm32l4xx.d" -MT"Core/Src/system_stm32l4xx.o" --specs=nano.specs -mfpu=fpv4-sp-d16 -mfloat-abi=hard -mthumb -o "Core/Src/system_stm32l4xx.o"
arm-none-eabi-gcc "../Core/Src/timer.c" -mcpu=cortex-m4 -std=gnu11 -g3 -DDEBUG -DUSE_HAL_DRIVER -DSTM32L475xx -c -I../Core/Inc -I../Drivers/STM32L4xx_HAL_Driver/Inc -I../Drivers/STM32L4xx_HAL_Driver/Inc/Legacy -I../Drivers/CMSIS/Device/ST/STM32L4xx/Include -I../Drivers/CMSIS/Include -O0 -ffunction-sections -fdata-sections -Wall -fstack-usage -fcyclomatic-complexity -MMD -MP -MF"Core/Src/timer.d" -MT"Core/Src/timer.o" --specs=nano.specs -mfpu=fpv4-sp-d16 -mfloat-abi=hard -mthumb -o "Core/Src/timer.o"
arm-none-eabi-gcc -o "youlostit-ble.elf" @"objects.list"   -mcpu=cortex-m4 -T"C:\19000\youlostit-ble\STM32L475VGTX_FLASH.ld" --specs=nosys.specs -Wl,-Map="youlostit-ble.map" -Wl,--gc-sections -static --specs=nano.specs -mfpu=fpv4-sp-d16 -mfloat-abi=hard -mthumb -Wl,--start-group -lc -lm -Wl,--end-group
Finished building target: youlostit-ble.elf
 
arm-none-eabi-size   youlostit-ble.elf 
arm-none-eabi-objdump -h -S  youlostit-ble.elf  > "youlostit-ble.list"
   text	   data	    bss	    dec	    hex	filename
  17660	    400	   2048	  20108	   4e8c	youlostit-ble.elf
Finished building: default.size.stdout
 
Finished building: youlostit-ble.list
 
12:09:32 **** Incremental Build of configuration Debug for project youlostit-ble ****
make -j8 all 
arm-none-eabi-size   youlostit-ble.elf 
   text	   data	    bss	    dec	    hex	filename
  17660	    400	   2048	  20108	   4e8c	youlostit-ble.elf
Finished building: default.size.stdout
 
12:09:47 **** Incremental Build of configuration Debug for project youlostit-ble ****
make -j8 all 
arm-none-eabi-size   youlostit-ble.elf 
   text	   data	    bss	    dec	    hex	filename
  17660	    400	   2048	  20108	   4e8c	youlostit-ble.elf
Finished building: default.size.stdout
 
12:11:21 **** Incremental Build of configuration Debug for project youlostit-ble ****
make -j8 all 
arm-none-eabi-size   youlostit-ble.elf 
   text	   data	    bss	    dec	    hex	filename
  17660	    400	   2048	  20108	   4e8c	youlostit-ble.elf
Finished building: default.size.stdout
 
12:11:44 **** Incremental Build of configuration Debug for project youlostit-ble ****
make -j8 all 
arm-none-eabi-size   youlostit-ble.elf 
   text	   data	    bss	    dec	    hex	filename
  17660	    400	   2048	  20108	   4e8c	youlostit-ble.elf
Finished building: default.size.stdout
 
12:12:33 **** Incremental Build of configuration Debug for project youlostit-ble ****
make -j8 all 
arm-none-eabi-size   youlostit-ble.elf 
   text	   data	    bss	    dec	    hex	filename
  17660	    400	   2048	  20108	   4e8c	youlostit-ble.elf
Finished building: default.size.stdout
 
12:14:00 **** Incremental Build of configuration Debug for project youlostit-ble ****
make -j8 all 
arm-none-eabi-size   youlostit-ble.elf 
   text	   data	    bss	    dec	    hex	filename
  17660	    400	   2048	  20108	   4e8c	youlostit-ble.elf
Finished building: default.size.stdout
 
12:14:31 **** Incremental Build of configuration Debug for project youlostit-ble ****
make -j8 all 
arm-none-eabi-size   youlostit-ble.elf 
   text	   data	    bss	    dec	    hex	filename
  17660	    400	   2048	  20108	   4e8c	youlostit-ble.elf
Finished building: default.size.stdout
 
12:14:59 **** Incremental Build of configuration Debug for project youlostit-ble ****
make -j8 all 
arm-none-eabi-size   youlostit-ble.elf 
   text	   data	    bss	    dec	    hex	filename
  17660	    400	   2048	  20108	   4e8c	youlostit-ble.elf
Finished building: default.size.stdout
 
12:15:17 **** Incremental Build of configuration Debug for project youlostit-ble ****
make -j8 all 
arm-none-eabi-size   youlostit-ble.elf 
   text	   data	    bss	    dec	    hex	filename
  17660	    400	   2048	  20108	   4e8c	youlostit-ble.elf
Finished building: default.size.stdout
 
12:15:30 **** Incremental Build of configuration Debug for project youlostit-ble ****
make -j8 all 
arm-none-eabi-size   youlostit-ble.elf 
   text	   data	    bss	    dec	    hex	filename
  17660	    400	   2048	  20108	   4e8c	youlostit-ble.elf
Finished building: default.size.stdout
 
20:16:10 **** Build of configuration Debug for project youlostit-ble ****
make -j8 all 
arm-none-eabi-gcc "../Core/Src/ble.c" -mcpu=cortex-m4 -std=gnu11 -g3 -DDEBUG -DUSE_HAL_DRIVER -DSTM32L475xx -c -I../Core/Inc -I../Drivers/STM32L4xx_HAL_Driver/Inc -I../Drivers/STM32L4xx_HAL_Driver/Inc/Legacy -I../Drivers/CMSIS/Device/ST/STM32L4xx/Include -I../Drivers/CMSIS/Include -O0 -ffunction-sections -fdata-sections -Wall -fstack-usage -fcyclomatic-complexity -MMD -MP -MF"Core/Src/ble.d" -MT"Core/Src/ble.o" --specs=nano.specs -mfpu=fpv4-sp-d16 -mfloat-abi=hard -mthumb -o "Core/Src/ble.o"
arm-none-eabi-gcc "../Core/Src/main.c" -mcpu=cortex-m4 -std=gnu11 -g3 -DDEBUG -DUSE_HAL_DRIVER -DSTM32L475xx -c -I../Core/Inc -I../Drivers/STM32L4xx_HAL_Driver/Inc -I../Drivers/STM32L4xx_HAL_Driver/Inc/Legacy -I../Drivers/CMSIS/Device/ST/STM32L4xx/Include -I../Drivers/CMSIS/Include -O0 -ffunction-sections -fdata-sections -Wall -fstack-usage -fcyclomatic-complexity -MMD -MP -MF"Core/Src/main.d" -MT"Core/Src/main.o" --specs=nano.specs -mfpu=fpv4-sp-d16 -mfloat-abi=hard -mthumb -o "Core/Src/main.o"
../Core/Src/main.c: In function 'main':
../Core/Src/main.c:71:9: warning: implicit declaration of function 'timer_init'; did you mean 'i2c_init'? [-Wimplicit-function-declaration]
   71 |         timer_init(TIM2);
      |         ^~~~~~~~~~
      |         i2c_init
../Core/Src/main.c:90:42: warning: passing argument 1 of 'lsm6dsl_read_xyz' discards 'volatile' qualifier from pointer target type [-Wdiscarded-qualifiers]
   90 |                         lsm6dsl_read_xyz(&x,&y,&z);
      |                                          ^~
In file included from ../Core/Src/main.c:30:
../Core/Inc/lsm6dsl.h:15:32: note: expected 'int16_t *' {aka 'short int *'} but argument is of type 'volatile int16_t *' {aka 'volatile short int *'}
   15 | void lsm6dsl_read_xyz(int16_t* x, int16_t* y, int16_t* z);
      |                       ~~~~~~~~~^
../Core/Src/main.c:90:45: warning: passing argument 2 of 'lsm6dsl_read_xyz' discards 'volatile' qualifier from pointer target type [-Wdiscarded-qualifiers]
   90 |                         lsm6dsl_read_xyz(&x,&y,&z);
      |                                             ^~
In file included from ../Core/Src/main.c:30:
../Core/Inc/lsm6dsl.h:15:44: note: expected 'int16_t *' {aka 'short int *'} but argument is of type 'volatile int16_t *' {aka 'volatile short int *'}
   15 | void lsm6dsl_read_xyz(int16_t* x, int16_t* y, int16_t* z);
      |                                   ~~~~~~~~~^
../Core/Src/main.c:90:48: warning: passing argument 3 of 'lsm6dsl_read_xyz' discards 'volatile' qualifier from pointer target type [-Wdiscarded-qualifiers]
   90 |                         lsm6dsl_read_xyz(&x,&y,&z);
      |                                                ^~
In file included from ../Core/Src/main.c:30:
../Core/Inc/lsm6dsl.h:15:56: note: expected 'int16_t *' {aka 'short int *'} but argument is of type 'volatile int16_t *' {aka 'volatile short int *'}
   15 | void lsm6dsl_read_xyz(int16_t* x, int16_t* y, int16_t* z);
      |                                               ~~~~~~~~~^
../Core/Src/main.c:102:25: warning: implicit declaration of function 'timer_set_ms' [-Wimplicit-function-declaration]
  102 |                         timer_set_ms(TIM2,2500); // 2500(5sec) -> 30000(1min)
      |                         ^~~~~~~~~~~~
../Core/Src/main.c:107:50: warning: passing argument 1 of 'lsm6dsl_read_xyz' discards 'volatile' qualifier from pointer target type [-Wdiscarded-qualifiers]
  107 |                                 lsm6dsl_read_xyz(&x,&y,&z);
      |                                                  ^~
In file included from ../Core/Src/main.c:30:
../Core/Inc/lsm6dsl.h:15:32: note: expected 'int16_t *' {aka 'short int *'} but argument is of type 'volatile int16_t *' {aka 'volatile short int *'}
   15 | void lsm6dsl_read_xyz(int16_t* x, int16_t* y, int16_t* z);
      |                       ~~~~~~~~~^
../Core/Src/main.c:107:53: warning: passing argument 2 of 'lsm6dsl_read_xyz' discards 'volatile' qualifier from pointer target type [-Wdiscarded-qualifiers]
  107 |                                 lsm6dsl_read_xyz(&x,&y,&z);
      |                                                     ^~
In file included from ../Core/Src/main.c:30:
../Core/Inc/lsm6dsl.h:15:44: note: expected 'int16_t *' {aka 'short int *'} but argument is of type 'volatile int16_t *' {aka 'volatile short int *'}
   15 | void lsm6dsl_read_xyz(int16_t* x, int16_t* y, int16_t* z);
      |                                   ~~~~~~~~~^
../Core/Src/main.c:107:56: warning: passing argument 3 of 'lsm6dsl_read_xyz' discards 'volatile' qualifier from pointer target type [-Wdiscarded-qualifiers]
  107 |                                 lsm6dsl_read_xyz(&x,&y,&z);
      |                                                        ^~
In file included from ../Core/Src/main.c:30:
../Core/Inc/lsm6dsl.h:15:56: note: expected 'int16_t *' {aka 'short int *'} but argument is of type 'volatile int16_t *' {aka 'volatile short int *'}
   15 | void lsm6dsl_read_xyz(int16_t* x, int16_t* y, int16_t* z);
      |                                               ~~~~~~~~~^
../Core/Src/main.c:69:11: warning: variable 'standby' set but not used [-Wunused-but-set-variable]
   69 |   uint8_t standby = 0;
      |           ^~~~~~~
../Core/Src/main.c: In function 'TIM2_IRQHandler':
../Core/Src/main.c:135:9: warning: implicit declaration of function 'timer_reset' [-Wimplicit-function-declaration]
  135 |         timer_reset(TIM2);
      |         ^~~~~~~~~~~
arm-none-eabi-gcc -o "youlostit-ble.elf" @"objects.list"   -mcpu=cortex-m4 -T"C:\19000\youlostit-ble\STM32L475VGTX_FLASH.ld" --specs=nosys.specs -Wl,-Map="youlostit-ble.map" -Wl,--gc-sections -static --specs=nano.specs -mfpu=fpv4-sp-d16 -mfloat-abi=hard -mthumb -Wl,--start-group -lc -lm -Wl,--end-group
Finished building target: youlostit-ble.elf
 
arm-none-eabi-size   youlostit-ble.elf 
arm-none-eabi-objdump -h -S  youlostit-ble.elf  > "youlostit-ble.list"
   text	   data	    bss	    dec	    hex	filename
  17560	    404	   2044	  20008	   4e28	youlostit-ble.elf
Finished building: default.size.stdout
 
Finished building: youlostit-ble.list
 
20:17:28 **** Incremental Build of configuration Debug for project youlostit-ble ****
make -j8 all 
arm-none-eabi-size   youlostit-ble.elf 
   text	   data	    bss	    dec	    hex	filename
  17560	    404	   2044	  20008	   4e28	youlostit-ble.elf
Finished building: default.size.stdout
 
20:17:48 **** Incremental Build of configuration Debug for project youlostit-ble ****
make -j8 all 
arm-none-eabi-size   youlostit-ble.elf 
   text	   data	    bss	    dec	    hex	filename
  17560	    404	   2044	  20008	   4e28	youlostit-ble.elf
Finished building: default.size.stdout
 
20:18:04 **** Incremental Build of configuration Debug for project youlostit-ble ****
make -j8 all 
arm-none-eabi-size   youlostit-ble.elf 
   text	   data	    bss	    dec	    hex	filename
  17560	    404	   2044	  20008	   4e28	youlostit-ble.elf
Finished building: default.size.stdout
 
20:18:43 **** Incremental Build of configuration Debug for project youlostit-ble ****
make -j8 all 
arm-none-eabi-size   youlostit-ble.elf 
   text	   data	    bss	    dec	    hex	filename
  17560	    404	   2044	  20008	   4e28	youlostit-ble.elf
Finished building: default.size.stdout
 
20:18:55 **** Incremental Build of configuration Debug for project youlostit-ble ****
make -j8 all 
arm-none-eabi-size   youlostit-ble.elf 
   text	   data	    bss	    dec	    hex	filename
  17560	    404	   2044	  20008	   4e28	youlostit-ble.elf
Finished building: default.size.stdout
 
20:22:10 **** Incremental Build of configuration Debug for project youlostit-ble ****
make -j8 all 
arm-none-eabi-gcc "../Core/Src/main.c" -mcpu=cortex-m4 -std=gnu11 -g3 -DDEBUG -DUSE_HAL_DRIVER -DSTM32L475xx -c -I../Core/Inc -I../Drivers/STM32L4xx_HAL_Driver/Inc -I../Drivers/STM32L4xx_HAL_Driver/Inc/Legacy -I../Drivers/CMSIS/Device/ST/STM32L4xx/Include -I../Drivers/CMSIS/Include -O0 -ffunction-sections -fdata-sections -Wall -fstack-usage -fcyclomatic-complexity -MMD -MP -MF"Core/Src/main.d" -MT"Core/Src/main.o" --specs=nano.specs -mfpu=fpv4-sp-d16 -mfloat-abi=hard -mthumb -o "Core/Src/main.o"
../Core/Src/main.c: In function 'main':
../Core/Src/main.c:71:9: warning: implicit declaration of function 'timer_init'; did you mean 'i2c_init'? [-Wimplicit-function-declaration]
   71 |         timer_init(TIM2);
      |         ^~~~~~~~~~
      |         i2c_init
../Core/Src/main.c:90:42: warning: passing argument 1 of 'lsm6dsl_read_xyz' discards 'volatile' qualifier from pointer target type [-Wdiscarded-qualifiers]
   90 |                         lsm6dsl_read_xyz(&x,&y,&z);
      |                                          ^~
In file included from ../Core/Src/main.c:30:
../Core/Inc/lsm6dsl.h:15:32: note: expected 'int16_t *' {aka 'short int *'} but argument is of type 'volatile int16_t *' {aka 'volatile short int *'}
   15 | void lsm6dsl_read_xyz(int16_t* x, int16_t* y, int16_t* z);
      |                       ~~~~~~~~~^
../Core/Src/main.c:90:45: warning: passing argument 2 of 'lsm6dsl_read_xyz' discards 'volatile' qualifier from pointer target type [-Wdiscarded-qualifiers]
   90 |                         lsm6dsl_read_xyz(&x,&y,&z);
      |                                             ^~
In file included from ../Core/Src/main.c:30:
../Core/Inc/lsm6dsl.h:15:44: note: expected 'int16_t *' {aka 'short int *'} but argument is of type 'volatile int16_t *' {aka 'volatile short int *'}
   15 | void lsm6dsl_read_xyz(int16_t* x, int16_t* y, int16_t* z);
      |                                   ~~~~~~~~~^
../Core/Src/main.c:90:48: warning: passing argument 3 of 'lsm6dsl_read_xyz' discards 'volatile' qualifier from pointer target type [-Wdiscarded-qualifiers]
   90 |                         lsm6dsl_read_xyz(&x,&y,&z);
      |                                                ^~
In file included from ../Core/Src/main.c:30:
../Core/Inc/lsm6dsl.h:15:56: note: expected 'int16_t *' {aka 'short int *'} but argument is of type 'volatile int16_t *' {aka 'volatile short int *'}
   15 | void lsm6dsl_read_xyz(int16_t* x, int16_t* y, int16_t* z);
      |                                               ~~~~~~~~~^
../Core/Src/main.c:102:25: warning: implicit declaration of function 'timer_set_ms' [-Wimplicit-function-declaration]
  102 |                         timer_set_ms(TIM2,25000); // 2500(5sec) -> 30000(1min)
      |                         ^~~~~~~~~~~~
../Core/Src/main.c:107:50: warning: passing argument 1 of 'lsm6dsl_read_xyz' discards 'volatile' qualifier from pointer target type [-Wdiscarded-qualifiers]
  107 |                                 lsm6dsl_read_xyz(&x,&y,&z);
      |                                                  ^~
In file included from ../Core/Src/main.c:30:
../Core/Inc/lsm6dsl.h:15:32: note: expected 'int16_t *' {aka 'short int *'} but argument is of type 'volatile int16_t *' {aka 'volatile short int *'}
   15 | void lsm6dsl_read_xyz(int16_t* x, int16_t* y, int16_t* z);
      |                       ~~~~~~~~~^
../Core/Src/main.c:107:53: warning: passing argument 2 of 'lsm6dsl_read_xyz' discards 'volatile' qualifier from pointer target type [-Wdiscarded-qualifiers]
  107 |                                 lsm6dsl_read_xyz(&x,&y,&z);
      |                                                     ^~
In file included from ../Core/Src/main.c:30:
../Core/Inc/lsm6dsl.h:15:44: note: expected 'int16_t *' {aka 'short int *'} but argument is of type 'volatile int16_t *' {aka 'volatile short int *'}
   15 | void lsm6dsl_read_xyz(int16_t* x, int16_t* y, int16_t* z);
      |                                   ~~~~~~~~~^
../Core/Src/main.c:107:56: warning: passing argument 3 of 'lsm6dsl_read_xyz' discards 'volatile' qualifier from pointer target type [-Wdiscarded-qualifiers]
  107 |                                 lsm6dsl_read_xyz(&x,&y,&z);
      |                                                        ^~
In file included from ../Core/Src/main.c:30:
../Core/Inc/lsm6dsl.h:15:56: note: expected 'int16_t *' {aka 'short int *'} but argument is of type 'volatile int16_t *' {aka 'volatile short int *'}
   15 | void lsm6dsl_read_xyz(int16_t* x, int16_t* y, int16_t* z);
      |                                               ~~~~~~~~~^
../Core/Src/main.c:69:11: warning: variable 'standby' set but not used [-Wunused-but-set-variable]
   69 |   uint8_t standby = 0;
      |           ^~~~~~~
../Core/Src/main.c: In function 'TIM2_IRQHandler':
../Core/Src/main.c:135:9: warning: implicit declaration of function 'timer_reset' [-Wimplicit-function-declaration]
  135 |         timer_reset(TIM2);
      |         ^~~~~~~~~~~
arm-none-eabi-gcc -o "youlostit-ble.elf" @"objects.list"   -mcpu=cortex-m4 -T"C:\19000\youlostit-ble\STM32L475VGTX_FLASH.ld" --specs=nosys.specs -Wl,-Map="youlostit-ble.map" -Wl,--gc-sections -static --specs=nano.specs -mfpu=fpv4-sp-d16 -mfloat-abi=hard -mthumb -Wl,--start-group -lc -lm -Wl,--end-group
Finished building target: youlostit-ble.elf
 
arm-none-eabi-size   youlostit-ble.elf 
arm-none-eabi-objdump -h -S  youlostit-ble.elf  > "youlostit-ble.list"
   text	   data	    bss	    dec	    hex	filename
  17560	    404	   2044	  20008	   4e28	youlostit-ble.elf
Finished building: default.size.stdout
 
Finished building: youlostit-ble.list
 
20:24:13 **** Incremental Build of configuration Debug for project youlostit-ble ****
make -j8 all 
arm-none-eabi-gcc "../Core/Src/main.c" -mcpu=cortex-m4 -std=gnu11 -g3 -DDEBUG -DUSE_HAL_DRIVER -DSTM32L475xx -c -I../Core/Inc -I../Drivers/STM32L4xx_HAL_Driver/Inc -I../Drivers/STM32L4xx_HAL_Driver/Inc/Legacy -I../Drivers/CMSIS/Device/ST/STM32L4xx/Include -I../Drivers/CMSIS/Include -O0 -ffunction-sections -fdata-sections -Wall -fstack-usage -fcyclomatic-complexity -MMD -MP -MF"Core/Src/main.d" -MT"Core/Src/main.o" --specs=nano.specs -mfpu=fpv4-sp-d16 -mfloat-abi=hard -mthumb -o "Core/Src/main.o"
../Core/Src/main.c: In function 'main':
../Core/Src/main.c:71:9: warning: implicit declaration of function 'timer_init'; did you mean 'i2c_init'? [-Wimplicit-function-declaration]
   71 |         timer_init(TIM2);
      |         ^~~~~~~~~~
      |         i2c_init
../Core/Src/main.c:90:42: warning: passing argument 1 of 'lsm6dsl_read_xyz' discards 'volatile' qualifier from pointer target type [-Wdiscarded-qualifiers]
   90 |                         lsm6dsl_read_xyz(&x,&y,&z);
      |                                          ^~
In file included from ../Core/Src/main.c:30:
../Core/Inc/lsm6dsl.h:15:32: note: expected 'int16_t *' {aka 'short int *'} but argument is of type 'volatile int16_t *' {aka 'volatile short int *'}
   15 | void lsm6dsl_read_xyz(int16_t* x, int16_t* y, int16_t* z);
      |                       ~~~~~~~~~^
../Core/Src/main.c:90:45: warning: passing argument 2 of 'lsm6dsl_read_xyz' discards 'volatile' qualifier from pointer target type [-Wdiscarded-qualifiers]
   90 |                         lsm6dsl_read_xyz(&x,&y,&z);
      |                                             ^~
In file included from ../Core/Src/main.c:30:
../Core/Inc/lsm6dsl.h:15:44: note: expected 'int16_t *' {aka 'short int *'} but argument is of type 'volatile int16_t *' {aka 'volatile short int *'}
   15 | void lsm6dsl_read_xyz(int16_t* x, int16_t* y, int16_t* z);
      |                                   ~~~~~~~~~^
../Core/Src/main.c:90:48: warning: passing argument 3 of 'lsm6dsl_read_xyz' discards 'volatile' qualifier from pointer target type [-Wdiscarded-qualifiers]
   90 |                         lsm6dsl_read_xyz(&x,&y,&z);
      |                                                ^~
In file included from ../Core/Src/main.c:30:
../Core/Inc/lsm6dsl.h:15:56: note: expected 'int16_t *' {aka 'short int *'} but argument is of type 'volatile int16_t *' {aka 'volatile short int *'}
   15 | void lsm6dsl_read_xyz(int16_t* x, int16_t* y, int16_t* z);
      |                                               ~~~~~~~~~^
../Core/Src/main.c:103:25: warning: implicit declaration of function 'timer_set_ms' [-Wimplicit-function-declaration]
  103 |                         timer_set_ms(TIM2,25000); // 2500(5sec) -> 30000(1min)
      |                         ^~~~~~~~~~~~
../Core/Src/main.c:108:50: warning: passing argument 1 of 'lsm6dsl_read_xyz' discards 'volatile' qualifier from pointer target type [-Wdiscarded-qualifiers]
  108 |                                 lsm6dsl_read_xyz(&x,&y,&z);
      |                                                  ^~
In file included from ../Core/Src/main.c:30:
../Core/Inc/lsm6dsl.h:15:32: note: expected 'int16_t *' {aka 'short int *'} but argument is of type 'volatile int16_t *' {aka 'volatile short int *'}
   15 | void lsm6dsl_read_xyz(int16_t* x, int16_t* y, int16_t* z);
      |                       ~~~~~~~~~^
../Core/Src/main.c:108:53: warning: passing argument 2 of 'lsm6dsl_read_xyz' discards 'volatile' qualifier from pointer target type [-Wdiscarded-qualifiers]
  108 |                                 lsm6dsl_read_xyz(&x,&y,&z);
      |                                                     ^~
In file included from ../Core/Src/main.c:30:
../Core/Inc/lsm6dsl.h:15:44: note: expected 'int16_t *' {aka 'short int *'} but argument is of type 'volatile int16_t *' {aka 'volatile short int *'}
   15 | void lsm6dsl_read_xyz(int16_t* x, int16_t* y, int16_t* z);
      |                                   ~~~~~~~~~^
../Core/Src/main.c:108:56: warning: passing argument 3 of 'lsm6dsl_read_xyz' discards 'volatile' qualifier from pointer target type [-Wdiscarded-qualifiers]
  108 |                                 lsm6dsl_read_xyz(&x,&y,&z);
      |                                                        ^~
In file included from ../Core/Src/main.c:30:
../Core/Inc/lsm6dsl.h:15:56: note: expected 'int16_t *' {aka 'short int *'} but argument is of type 'volatile int16_t *' {aka 'volatile short int *'}
   15 | void lsm6dsl_read_xyz(int16_t* x, int16_t* y, int16_t* z);
      |                                               ~~~~~~~~~^
../Core/Src/main.c:69:11: warning: variable 'standby' set but not used [-Wunused-but-set-variable]
   69 |   uint8_t standby = 0;
      |           ^~~~~~~
../Core/Src/main.c: In function 'TIM2_IRQHandler':
../Core/Src/main.c:137:9: warning: implicit declaration of function 'timer_reset' [-Wimplicit-function-declaration]
  137 |         timer_reset(TIM2);
      |         ^~~~~~~~~~~
arm-none-eabi-gcc -o "youlostit-ble.elf" @"objects.list"   -mcpu=cortex-m4 -T"C:\19000\youlostit-ble\STM32L475VGTX_FLASH.ld" --specs=nosys.specs -Wl,-Map="youlostit-ble.map" -Wl,--gc-sections -static --specs=nano.specs -mfpu=fpv4-sp-d16 -mfloat-abi=hard -mthumb -Wl,--start-group -lc -lm -Wl,--end-group
Finished building target: youlostit-ble.elf
 
arm-none-eabi-size   youlostit-ble.elf 
arm-none-eabi-objdump -h -S  youlostit-ble.elf  > "youlostit-ble.list"
   text	   data	    bss	    dec	    hex	filename
  17628	    404	   2044	  20076	   4e6c	youlostit-ble.elf
Finished building: default.size.stdout
 
Finished building: youlostit-ble.list
 
20:25:39 **** Incremental Build of configuration Debug for project youlostit-ble ****
make -j8 all 
arm-none-eabi-gcc "../Core/Src/main.c" -mcpu=cortex-m4 -std=gnu11 -g3 -DDEBUG -DUSE_HAL_DRIVER -DSTM32L475xx -c -I../Core/Inc -I../Drivers/STM32L4xx_HAL_Driver/Inc -I../Drivers/STM32L4xx_HAL_Driver/Inc/Legacy -I../Drivers/CMSIS/Device/ST/STM32L4xx/Include -I../Drivers/CMSIS/Include -O0 -ffunction-sections -fdata-sections -Wall -fstack-usage -fcyclomatic-complexity -MMD -MP -MF"Core/Src/main.d" -MT"Core/Src/main.o" --specs=nano.specs -mfpu=fpv4-sp-d16 -mfloat-abi=hard -mthumb -o "Core/Src/main.o"
../Core/Src/main.c: In function 'main':
../Core/Src/main.c:71:9: warning: implicit declaration of function 'timer_init'; did you mean 'i2c_init'? [-Wimplicit-function-declaration]
   71 |         timer_init(TIM2);
      |         ^~~~~~~~~~
      |         i2c_init
../Core/Src/main.c:90:42: warning: passing argument 1 of 'lsm6dsl_read_xyz' discards 'volatile' qualifier from pointer target type [-Wdiscarded-qualifiers]
   90 |                         lsm6dsl_read_xyz(&x,&y,&z);
      |                                          ^~
In file included from ../Core/Src/main.c:30:
../Core/Inc/lsm6dsl.h:15:32: note: expected 'int16_t *' {aka 'short int *'} but argument is of type 'volatile int16_t *' {aka 'volatile short int *'}
   15 | void lsm6dsl_read_xyz(int16_t* x, int16_t* y, int16_t* z);
      |                       ~~~~~~~~~^
../Core/Src/main.c:90:45: warning: passing argument 2 of 'lsm6dsl_read_xyz' discards 'volatile' qualifier from pointer target type [-Wdiscarded-qualifiers]
   90 |                         lsm6dsl_read_xyz(&x,&y,&z);
      |                                             ^~
In file included from ../Core/Src/main.c:30:
../Core/Inc/lsm6dsl.h:15:44: note: expected 'int16_t *' {aka 'short int *'} but argument is of type 'volatile int16_t *' {aka 'volatile short int *'}
   15 | void lsm6dsl_read_xyz(int16_t* x, int16_t* y, int16_t* z);
      |                                   ~~~~~~~~~^
../Core/Src/main.c:90:48: warning: passing argument 3 of 'lsm6dsl_read_xyz' discards 'volatile' qualifier from pointer target type [-Wdiscarded-qualifiers]
   90 |                         lsm6dsl_read_xyz(&x,&y,&z);
      |                                                ^~
In file included from ../Core/Src/main.c:30:
../Core/Inc/lsm6dsl.h:15:56: note: expected 'int16_t *' {aka 'short int *'} but argument is of type 'volatile int16_t *' {aka 'volatile short int *'}
   15 | void lsm6dsl_read_xyz(int16_t* x, int16_t* y, int16_t* z);
      |                                               ~~~~~~~~~^
../Core/Src/main.c:103:25: warning: implicit declaration of function 'timer_set_ms' [-Wimplicit-function-declaration]
  103 |                         timer_set_ms(TIM2,25000); // 2500(5sec) -> 30000(1min)
      |                         ^~~~~~~~~~~~
../Core/Src/main.c:108:50: warning: passing argument 1 of 'lsm6dsl_read_xyz' discards 'volatile' qualifier from pointer target type [-Wdiscarded-qualifiers]
  108 |                                 lsm6dsl_read_xyz(&x,&y,&z);
      |                                                  ^~
In file included from ../Core/Src/main.c:30:
../Core/Inc/lsm6dsl.h:15:32: note: expected 'int16_t *' {aka 'short int *'} but argument is of type 'volatile int16_t *' {aka 'volatile short int *'}
   15 | void lsm6dsl_read_xyz(int16_t* x, int16_t* y, int16_t* z);
      |                       ~~~~~~~~~^
../Core/Src/main.c:108:53: warning: passing argument 2 of 'lsm6dsl_read_xyz' discards 'volatile' qualifier from pointer target type [-Wdiscarded-qualifiers]
  108 |                                 lsm6dsl_read_xyz(&x,&y,&z);
      |                                                     ^~
In file included from ../Core/Src/main.c:30:
../Core/Inc/lsm6dsl.h:15:44: note: expected 'int16_t *' {aka 'short int *'} but argument is of type 'volatile int16_t *' {aka 'volatile short int *'}
   15 | void lsm6dsl_read_xyz(int16_t* x, int16_t* y, int16_t* z);
      |                                   ~~~~~~~~~^
../Core/Src/main.c:108:56: warning: passing argument 3 of 'lsm6dsl_read_xyz' discards 'volatile' qualifier from pointer target type [-Wdiscarded-qualifiers]
  108 |                                 lsm6dsl_read_xyz(&x,&y,&z);
      |                                                        ^~
In file included from ../Core/Src/main.c:30:
../Core/Inc/lsm6dsl.h:15:56: note: expected 'int16_t *' {aka 'short int *'} but argument is of type 'volatile int16_t *' {aka 'volatile short int *'}
   15 | void lsm6dsl_read_xyz(int16_t* x, int16_t* y, int16_t* z);
      |                                               ~~~~~~~~~^
../Core/Src/main.c:69:11: warning: variable 'standby' set but not used [-Wunused-but-set-variable]
   69 |   uint8_t standby = 0;
      |           ^~~~~~~
../Core/Src/main.c: In function 'TIM2_IRQHandler':
../Core/Src/main.c:137:9: warning: implicit declaration of function 'timer_reset' [-Wimplicit-function-declaration]
  137 |         timer_reset(TIM2);
      |         ^~~~~~~~~~~
arm-none-eabi-gcc -o "youlostit-ble.elf" @"objects.list"   -mcpu=cortex-m4 -T"C:\19000\youlostit-ble\STM32L475VGTX_FLASH.ld" --specs=nosys.specs -Wl,-Map="youlostit-ble.map" -Wl,--gc-sections -static --specs=nano.specs -mfpu=fpv4-sp-d16 -mfloat-abi=hard -mthumb -Wl,--start-group -lc -lm -Wl,--end-group
Finished building target: youlostit-ble.elf
 
arm-none-eabi-size   youlostit-ble.elf 
arm-none-eabi-objdump -h -S  youlostit-ble.elf  > "youlostit-ble.list"
   text	   data	    bss	    dec	    hex	filename
  17628	    404	   2044	  20076	   4e6c	youlostit-ble.elf
Finished building: default.size.stdout
 
Finished building: youlostit-ble.list
 
20:26:23 **** Incremental Build of configuration Debug for project youlostit-ble ****
make -j8 all 
arm-none-eabi-size   youlostit-ble.elf 
   text	   data	    bss	    dec	    hex	filename
  17628	    404	   2044	  20076	   4e6c	youlostit-ble.elf
Finished building: default.size.stdout
 
20:26:42 **** Incremental Build of configuration Debug for project youlostit-ble ****
make -j8 all 
arm-none-eabi-size   youlostit-ble.elf 
   text	   data	    bss	    dec	    hex	filename
  17628	    404	   2044	  20076	   4e6c	youlostit-ble.elf
Finished building: default.size.stdout
 
20:27:17 **** Incremental Build of configuration Debug for project youlostit-ble ****
make -j8 all 
arm-none-eabi-size   youlostit-ble.elf 
   text	   data	    bss	    dec	    hex	filename
  17628	    404	   2044	  20076	   4e6c	youlostit-ble.elf
Finished building: default.size.stdout
 
20:27:27 **** Incremental Build of configuration Debug for project youlostit-ble ****
make -j8 all 
arm-none-eabi-size   youlostit-ble.elf 
   text	   data	    bss	    dec	    hex	filename
  17628	    404	   2044	  20076	   4e6c	youlostit-ble.elf
Finished building: default.size.stdout
 
20:28:01 **** Incremental Build of configuration Debug for project youlostit-ble ****
make -j8 all 
arm-none-eabi-size   youlostit-ble.elf 
   text	   data	    bss	    dec	    hex	filename
  17628	    404	   2044	  20076	   4e6c	youlostit-ble.elf
Finished building: default.size.stdout
 
20:28:31 **** Incremental Build of configuration Debug for project youlostit-ble ****
make -j8 all 
arm-none-eabi-size   youlostit-ble.elf 
   text	   data	    bss	    dec	    hex	filename
  17628	    404	   2044	  20076	   4e6c	youlostit-ble.elf
Finished building: default.size.stdout
 
20:29:16 **** Incremental Build of configuration Debug for project youlostit-ble ****
make -j8 all 
arm-none-eabi-size   youlostit-ble.elf 
   text	   data	    bss	    dec	    hex	filename
  17628	    404	   2044	  20076	   4e6c	youlostit-ble.elf
Finished building: default.size.stdout
 
20:29:34 **** Incremental Build of configuration Debug for project youlostit-ble ****
make -j8 all 
arm-none-eabi-size   youlostit-ble.elf 
   text	   data	    bss	    dec	    hex	filename
  17628	    404	   2044	  20076	   4e6c	youlostit-ble.elf
Finished building: default.size.stdout
 
20:30:09 **** Incremental Build of configuration Debug for project youlostit-ble ****
make -j8 all 
arm-none-eabi-size   youlostit-ble.elf 
   text	   data	    bss	    dec	    hex	filename
  17628	    404	   2044	  20076	   4e6c	youlostit-ble.elf
Finished building: default.size.stdout
 
20:30:49 **** Incremental Build of configuration Debug for project youlostit-ble ****
make -j8 all 
arm-none-eabi-size   youlostit-ble.elf 
   text	   data	    bss	    dec	    hex	filename
  17628	    404	   2044	  20076	   4e6c	youlostit-ble.elf
Finished building: default.size.stdout
 
20:31:41 **** Incremental Build of configuration Debug for project youlostit-ble ****
make -j8 all 
arm-none-eabi-size   youlostit-ble.elf 
   text	   data	    bss	    dec	    hex	filename
  17628	    404	   2044	  20076	   4e6c	youlostit-ble.elf
Finished building: default.size.stdout
 
20:31:52 **** Incremental Build of configuration Debug for project youlostit-ble ****
make -j8 all 
arm-none-eabi-size   youlostit-ble.elf 
   text	   data	    bss	    dec	    hex	filename
  17628	    404	   2044	  20076	   4e6c	youlostit-ble.elf
Finished building: default.size.stdout
 
20:32:49 **** Incremental Build of configuration Debug for project youlostit-ble ****
make -j8 all 
arm-none-eabi-size   youlostit-ble.elf 
   text	   data	    bss	    dec	    hex	filename
  17628	    404	   2044	  20076	   4e6c	youlostit-ble.elf
Finished building: default.size.stdout
 
20:35:39 **** Incremental Build of configuration Debug for project youlostit-ble ****
make -j8 all 
arm-none-eabi-size   youlostit-ble.elf 
   text	   data	    bss	    dec	    hex	filename
  17628	    404	   2044	  20076	   4e6c	youlostit-ble.elf
Finished building: default.size.stdout
 
20:35:58 **** Incremental Build of configuration Debug for project youlostit-ble ****
make -j8 all 
arm-none-eabi-size   youlostit-ble.elf 
   text	   data	    bss	    dec	    hex	filename
  17628	    404	   2044	  20076	   4e6c	youlostit-ble.elf
Finished building: default.size.stdout
 
20:36:44 **** Incremental Build of configuration Debug for project youlostit-ble ****
make -j8 all 
arm-none-eabi-size   youlostit-ble.elf 
   text	   data	    bss	    dec	    hex	filename
  17628	    404	   2044	  20076	   4e6c	youlostit-ble.elf
Finished building: default.size.stdout
 
20:37:29 **** Incremental Build of configuration Debug for project youlostit-ble ****
make -j8 all 
arm-none-eabi-gcc "../Drivers/STM32L4xx_HAL_Driver/Src/stm32l4xx_hal.c" -mcpu=cortex-m4 -std=gnu11 -g3 -DDEBUG -DUSE_HAL_DRIVER -DSTM32L475xx -c -I../Core/Inc -I../Drivers/STM32L4xx_HAL_Driver/Inc -I../Drivers/STM32L4xx_HAL_Driver/Inc/Legacy -I../Drivers/CMSIS/Device/ST/STM32L4xx/Include -I../Drivers/CMSIS/Include -O0 -ffunction-sections -fdata-sections -Wall -fstack-usage -fcyclomatic-complexity -MMD -MP -MF"Drivers/STM32L4xx_HAL_Driver/Src/stm32l4xx_hal.d" -MT"Drivers/STM32L4xx_HAL_Driver/Src/stm32l4xx_hal.o" --specs=nano.specs -mfpu=fpv4-sp-d16 -mfloat-abi=hard -mthumb -o "Drivers/STM32L4xx_HAL_Driver/Src/stm32l4xx_hal.o"
[...]
../Core/Inc/lsm6dsl.h:15:32: note: expected 'int16_t *' {aka 'short int *'} but argument is of type 'volatile int16_t *' {aka 'volatile short int *'}
   15 | void lsm6dsl_read_xyz(int16_t* x, int16_t* y, int16_t* z);
      |                       ~~~~~~~~~^
../Core/Src/main.c:108:53: warning: passing argument 2 of 'lsm6dsl_read_xyz' discards 'volatile' qualifier from pointer target type [-Wdiscarded-qualifiers]
  108 |                                 lsm6dsl_read_xyz(&x,&y,&z);
      |                                                     ^~
In file included from ../Core/Src/main.c:30:
../Core/Inc/lsm6dsl.h:15:44: note: expected 'int16_t *' {aka 'short int *'} but argument is of type 'volatile int16_t *' {aka 'volatile short int *'}
   15 | void lsm6dsl_read_xyz(int16_t* x, int16_t* y, int16_t* z);
      |                                   ~~~~~~~~~^
../Core/Src/main.c:108:56: warning: passing argument 3 of 'lsm6dsl_read_xyz' discards 'volatile' qualifier from pointer target type [-Wdiscarded-qualifiers]
  108 |                                 lsm6dsl_read_xyz(&x,&y,&z);
      |                                                        ^~
In file included from ../Core/Src/main.c:30:
../Core/Inc/lsm6dsl.h:15:56: note: expected 'int16_t *' {aka 'short int *'} but argument is of type 'volatile int16_t *' {aka 'volatile short int *'}
   15 | void lsm6dsl_read_xyz(int16_t* x, int16_t* y, int16_t* z);
      |                                               ~~~~~~~~~^
../Core/Src/main.c:69:11: warning: variable 'standby' set but not used [-Wunused-but-set-variable]
   69 |   uint8_t standby = 0;
      |           ^~~~~~~
../Core/Src/main.c: In function 'TIM2_IRQHandler':
../Core/Src/main.c:136:9: warning: implicit declaration of function 'timer_reset' [-Wimplicit-function-declaration]
  136 |         timer_reset(TIM2);
      |         ^~~~~~~~~~~
arm-none-eabi-gcc -o "youlostit-ble.elf" @"objects.list"   -mcpu=cortex-m4 -T"C:\19000\youlostit-ble\STM32L475VGTX_FLASH.ld" --specs=nosys.specs -Wl,-Map="youlostit-ble.map" -Wl,--gc-sections -static --specs=nano.specs -mfpu=fpv4-sp-d16 -mfloat-abi=hard -mthumb -Wl,--start-group -lc -lm -Wl,--end-group
Finished building target: youlostit-ble.elf
 
arm-none-eabi-size   youlostit-ble.elf 
arm-none-eabi-objdump -h -S  youlostit-ble.elf  > "youlostit-ble.list"
   text	   data	    bss	    dec	    hex	filename
  17584	    400	   2048	  20032	   4e40	youlostit-ble.elf
Finished building: default.size.stdout
 
Finished building: youlostit-ble.list
 
20:50:26 **** Incremental Build of configuration Debug for project youlostit-ble ****
make -j8 all 
arm-none-eabi-gcc "../Core/Src/main.c" -mcpu=cortex-m4 -std=gnu11 -g3 -DDEBUG -DUSE_HAL_DRIVER -DSTM32L475xx -c -I../Core/Inc -I../Drivers/STM32L4xx_HAL_Driver/Inc -I../Drivers/STM32L4xx_HAL_Driver/Inc/Legacy -I../Drivers/CMSIS/Device/ST/STM32L4xx/Include -I../Drivers/CMSIS/Include -O0 -ffunction-sections -fdata-sections -Wall -fstack-usage -fcyclomatic-complexity -MMD -MP -MF"Core/Src/main.d" -MT"Core/Src/main.o" --specs=nano.specs -mfpu=fpv4-sp-d16 -mfloat-abi=hard -mthumb -o "Core/Src/main.o"
../Core/Src/main.c: In function 'main':
../Core/Src/main.c:71:9: warning: implicit declaration of function 'timer_init'; did you mean 'i2c_init'? [-Wimplicit-function-declaration]
   71 |         timer_init(TIM2);
      |         ^~~~~~~~~~
      |         i2c_init
../Core/Src/main.c:90:42: warning: passing argument 1 of 'lsm6dsl_read_xyz' discards 'volatile' qualifier from pointer target type [-Wdiscarded-qualifiers]
   90 |                         lsm6dsl_read_xyz(&x,&y,&z);
      |                                          ^~
In file included from ../Core/Src/main.c:30:
../Core/Inc/lsm6dsl.h:15:32: note: expected 'int16_t *' {aka 'short int *'} but argument is of type 'volatile int16_t *' {aka 'volatile short int *'}
   15 | void lsm6dsl_read_xyz(int16_t* x, int16_t* y, int16_t* z);
      |                       ~~~~~~~~~^
../Core/Src/main.c:90:45: warning: passing argument 2 of 'lsm6dsl_read_xyz' discards 'volatile' qualifier from pointer target type [-Wdiscarded-qualifiers]
   90 |                         lsm6dsl_read_xyz(&x,&y,&z);
      |                                             ^~
In file included from ../Core/Src/main.c:30:
../Core/Inc/lsm6dsl.h:15:44: note: expected 'int16_t *' {aka 'short int *'} but argument is of type 'volatile int16_t *' {aka 'volatile short int *'}
   15 | void lsm6dsl_read_xyz(int16_t* x, int16_t* y, int16_t* z);
      |                                   ~~~~~~~~~^
../Core/Src/main.c:90:48: warning: passing argument 3 of 'lsm6dsl_read_xyz' discards 'volatile' qualifier from pointer target type [-Wdiscarded-qualifiers]
   90 |                         lsm6dsl_read_xyz(&x,&y,&z);
      |                                                ^~
In file included from ../Core/Src/main.c:30:
../Core/Inc/lsm6dsl.h:15:56: note: expected 'int16_t *' {aka 'short int *'} but argument is of type 'volatile int16_t *' {aka 'volatile short int *'}
   15 | void lsm6dsl_read_xyz(int16_t* x, int16_t* y, int16_t* z);
      |                                               ~~~~~~~~~^
../Core/Src/main.c:103:25: warning: implicit declaration of function 'timer_set_ms' [-Wimplicit-function-declaration]
  103 |                         timer_set_ms(TIM2,2500); // 2500(5sec) -> 30000(1min)
      |                         ^~~~~~~~~~~~
../Core/Src/main.c:108:50: warning: passing argument 1 of 'lsm6dsl_read_xyz' discards 'volatile' qualifier from pointer target type [-Wdiscarded-qualifiers]
  108 |                                 lsm6dsl_read_xyz(&x,&y,&z);
      |                                                  ^~
In file included from ../Core/Src/main.c:30:
../Core/Inc/lsm6dsl.h:15:32: note: expected 'int16_t *' {aka 'short int *'} but argument is of type 'volatile int16_t *' {aka 'volatile short int *'}
   15 | void lsm6dsl_read_xyz(int16_t* x, int16_t* y, int16_t* z);
      |                       ~~~~~~~~~^
../Core/Src/main.c:108:53: warning: passing argument 2 of 'lsm6dsl_read_xyz' discards 'volatile' qualifier from pointer target type [-Wdiscarded-qualifiers]
  108 |                                 lsm6dsl_read_xyz(&x,&y,&z);
      |                                                     ^~
In file included from ../Core/Src/main.c:30:
../Core/Inc/lsm6dsl.h:15:44: note: expected 'int16_t *' {aka 'short int *'} but argument is of type 'volatile int16_t *' {aka 'volatile short int *'}
   15 | void lsm6dsl_read_xyz(int16_t* x, int16_t* y, int16_t* z);
      |                                   ~~~~~~~~~^
../Core/Src/main.c:108:56: warning: passing argument 3 of 'lsm6dsl_read_xyz' discards 'volatile' qualifier from pointer target type [-Wdiscarded-qualifiers]
  108 |                                 lsm6dsl_read_xyz(&x,&y,&z);
      |                                                        ^~
In file included from ../Core/Src/main.c:30:
../Core/Inc/lsm6dsl.h:15:56: note: expected 'int16_t *' {aka 'short int *'} but argument is of type 'volatile int16_t *' {aka 'volatile short int *'}
   15 | void lsm6dsl_read_xyz(int16_t* x, int16_t* y, int16_t* z);
      |                                               ~~~~~~~~~^
../Core/Src/main.c:69:11: warning: variable 'standby' set but not used [-Wunused-but-set-variable]
   69 |   uint8_t standby = 0;
      |           ^~~~~~~
../Core/Src/main.c: In function 'TIM2_IRQHandler':
../Core/Src/main.c:136:9: warning: implicit declaration of function 'timer_reset' [-Wimplicit-function-declaration]
  136 |         timer_reset(TIM2);
      |         ^~~~~~~~~~~
arm-none-eabi-gcc -o "youlostit-ble.elf" @"objects.list"   -mcpu=cortex-m4 -T"C:\19000\youlostit-ble\STM32L475VGTX_FLASH.ld" --specs=nosys.specs -Wl,-Map="youlostit-ble.map" -Wl,--gc-sections -static --specs=nano.specs -mfpu=fpv4-sp-d16 -mfloat-abi=hard -mthumb -Wl,--start-group -lc -lm -Wl,--end-group
Finished building target: youlostit-ble.elf
 
arm-none-eabi-size   youlostit-ble.elf 
arm-none-eabi-objdump -h -S  youlostit-ble.elf  > "youlostit-ble.list"
   text	   data	    bss	    dec	    hex	filename
  17584	    400	   2048	  20032	   4e40	youlostit-ble.elf
Finished building: default.size.stdout
 
Finished building: youlostit-ble.list
 
20:51:20 **** Incremental Build of configuration Debug for project youlostit-ble ****
make -j8 all 
arm-none-eabi-gcc "../Core/Src/main.c" -mcpu=cortex-m4 -std=gnu11 -g3 -DDEBUG -DUSE_HAL_DRIVER -DSTM32L475xx -c -I../Core/Inc -I../Drivers/STM32L4xx_HAL_Driver/Inc -I../Drivers/STM32L4xx_HAL_Driver/Inc/Legacy -I../Drivers/CMSIS/Device/ST/STM32L4xx/Include -I../Drivers/CMSIS/Include -O0 -ffunction-sections -fdata-sections -Wall -fstack-usage -fcyclomatic-complexity -MMD -MP -MF"Core/Src/main.d" -MT"Core/Src/main.o" --specs=nano.specs -mfpu=fpv4-sp-d16 -mfloat-abi=hard -mthumb -o "Core/Src/main.o"
../Core/Src/main.c: In function 'main':
../Core/Src/main.c:71:9: warning: implicit declaration of function 'timer_init'; did you mean 'i2c_init'? [-Wimplicit-function-declaration]
   71 |         timer_init(TIM2);
      |         ^~~~~~~~~~
      |         i2c_init
../Core/Src/main.c:90:42: warning: passing argument 1 of 'lsm6dsl_read_xyz' discards 'volatile' qualifier from pointer target type [-Wdiscarded-qualifiers]
   90 |                         lsm6dsl_read_xyz(&x,&y,&z);
      |                                          ^~
In file included from ../Core/Src/main.c:30:
../Core/Inc/lsm6dsl.h:15:32: note: expected 'int16_t *' {aka 'short int *'} but argument is of type 'volatile int16_t *' {aka 'volatile short int *'}
   15 | void lsm6dsl_read_xyz(int16_t* x, int16_t* y, int16_t* z);
      |                       ~~~~~~~~~^
../Core/Src/main.c:90:45: warning: passing argument 2 of 'lsm6dsl_read_xyz' discards 'volatile' qualifier from pointer target type [-Wdiscarded-qualifiers]
   90 |                         lsm6dsl_read_xyz(&x,&y,&z);
      |                                             ^~
In file included from ../Core/Src/main.c:30:
../Core/Inc/lsm6dsl.h:15:44: note: expected 'int16_t *' {aka 'short int *'} but argument is of type 'volatile int16_t *' {aka 'volatile short int *'}
   15 | void lsm6dsl_read_xyz(int16_t* x, int16_t* y, int16_t* z);
      |                                   ~~~~~~~~~^
../Core/Src/main.c:90:48: warning: passing argument 3 of 'lsm6dsl_read_xyz' discards 'volatile' qualifier from pointer target type [-Wdiscarded-qualifiers]
   90 |                         lsm6dsl_read_xyz(&x,&y,&z);
      |                                                ^~
In file included from ../Core/Src/main.c:30:
../Core/Inc/lsm6dsl.h:15:56: note: expected 'int16_t *' {aka 'short int *'} but argument is of type 'volatile int16_t *' {aka 'volatile short int *'}
   15 | void lsm6dsl_read_xyz(int16_t* x, int16_t* y, int16_t* z);
      |                                               ~~~~~~~~~^
../Core/Src/main.c:103:25: warning: implicit declaration of function 'timer_set_ms' [-Wimplicit-function-declaration]
  103 |                         timer_set_ms(TIM2,2500); // 2500(5sec) -> 30000(1min)
      |                         ^~~~~~~~~~~~
../Core/Src/main.c:108:50: warning: passing argument 1 of 'lsm6dsl_read_xyz' discards 'volatile' qualifier from pointer target type [-Wdiscarded-qualifiers]
  108 |                                 lsm6dsl_read_xyz(&x,&y,&z);
      |                                                  ^~
In file included from ../Core/Src/main.c:30:
../Core/Inc/lsm6dsl.h:15:32: note: expected 'int16_t *' {aka 'short int *'} but argument is of type 'volatile int16_t *' {aka 'volatile short int *'}
   15 | void lsm6dsl_read_xyz(int16_t* x, int16_t* y, int16_t* z);
      |                       ~~~~~~~~~^
../Core/Src/main.c:108:53: warning: passing argument 2 of 'lsm6dsl_read_xyz' discards 'volatile' qualifier from pointer target type [-Wdiscarded-qualifiers]
  108 |                                 lsm6dsl_read_xyz(&x,&y,&z);
      |                                                     ^~
In file included from ../Core/Src/main.c:30:
../Core/Inc/lsm6dsl.h:15:44: note: expected 'int16_t *' {aka 'short int *'} but argument is of type 'volatile int16_t *' {aka 'volatile short int *'}
   15 | void lsm6dsl_read_xyz(int16_t* x, int16_t* y, int16_t* z);
      |                                   ~~~~~~~~~^
../Core/Src/main.c:108:56: warning: passing argument 3 of 'lsm6dsl_read_xyz' discards 'volatile' qualifier from pointer target type [-Wdiscarded-qualifiers]
  108 |                                 lsm6dsl_read_xyz(&x,&y,&z);
      |                                                        ^~
In file included from ../Core/Src/main.c:30:
../Core/Inc/lsm6dsl.h:15:56: note: expected 'int16_t *' {aka 'short int *'} but argument is of type 'volatile int16_t *' {aka 'volatile short int *'}
   15 | void lsm6dsl_read_xyz(int16_t* x, int16_t* y, int16_t* z);
      |                                               ~~~~~~~~~^
../Core/Src/main.c:69:11: warning: variable 'standby' set but not used [-Wunused-but-set-variable]
   69 |   uint8_t standby = 0;
      |           ^~~~~~~
../Core/Src/main.c: In function 'TIM2_IRQHandler':
../Core/Src/main.c:136:9: warning: implicit declaration of function 'timer_reset' [-Wimplicit-function-declaration]
  136 |         timer_reset(TIM2);
      |         ^~~~~~~~~~~
arm-none-eabi-gcc -o "youlostit-ble.elf" @"objects.list"   -mcpu=cortex-m4 -T"C:\19000\youlostit-ble\STM32L475VGTX_FLASH.ld" --specs=nosys.specs -Wl,-Map="youlostit-ble.map" -Wl,--gc-sections -static --specs=nano.specs -mfpu=fpv4-sp-d16 -mfloat-abi=hard -mthumb -Wl,--start-group -lc -lm -Wl,--end-group
Finished building target: youlostit-ble.elf
 
arm-none-eabi-size   youlostit-ble.elf 
arm-none-eabi-objdump -h -S  youlostit-ble.elf  > "youlostit-ble.list"
   text	   data	    bss	    dec	    hex	filename
  17560	    400	   2048	  20008	   4e28	youlostit-ble.elf
Finished building: default.size.stdout
 
Finished building: youlostit-ble.list
 
20:51:50 **** Incremental Build of configuration Debug for project youlostit-ble ****
make -j8 all 
arm-none-eabi-gcc "../Core/Src/main.c" -mcpu=cortex-m4 -std=gnu11 -g3 -DDEBUG -DUSE_HAL_DRIVER -DSTM32L475xx -c -I../Core/Inc -I../Drivers/STM32L4xx_HAL_Driver/Inc -I../Drivers/STM32L4xx_HAL_Driver/Inc/Legacy -I../Drivers/CMSIS/Device/ST/STM32L4xx/Include -I../Drivers/CMSIS/Include -O0 -ffunction-sections -fdata-sections -Wall -fstack-usage -fcyclomatic-complexity -MMD -MP -MF"Core/Src/main.d" -MT"Core/Src/main.o" --specs=nano.specs -mfpu=fpv4-sp-d16 -mfloat-abi=hard -mthumb -o "Core/Src/main.o"
../Core/Src/main.c: In function 'main':
../Core/Src/main.c:71:9: warning: implicit declaration of function 'timer_init'; did you mean 'i2c_init'? [-Wimplicit-function-declaration]
   71 |         timer_init(TIM2);
      |         ^~~~~~~~~~
      |         i2c_init
../Core/Src/main.c:90:42: warning: passing argument 1 of 'lsm6dsl_read_xyz' discards 'volatile' qualifier from pointer target type [-Wdiscarded-qualifiers]
   90 |                         lsm6dsl_read_xyz(&x,&y,&z);
      |                                          ^~
In file included from ../Core/Src/main.c:30:
../Core/Inc/lsm6dsl.h:15:32: note: expected 'int16_t *' {aka 'short int *'} but argument is of type 'volatile int16_t *' {aka 'volatile short int *'}
   15 | void lsm6dsl_read_xyz(int16_t* x, int16_t* y, int16_t* z);
      |                       ~~~~~~~~~^
../Core/Src/main.c:90:45: warning: passing argument 2 of 'lsm6dsl_read_xyz' discards 'volatile' qualifier from pointer target type [-Wdiscarded-qualifiers]
   90 |                         lsm6dsl_read_xyz(&x,&y,&z);
      |                                             ^~
In file included from ../Core/Src/main.c:30:
../Core/Inc/lsm6dsl.h:15:44: note: expected 'int16_t *' {aka 'short int *'} but argument is of type 'volatile int16_t *' {aka 'volatile short int *'}
   15 | void lsm6dsl_read_xyz(int16_t* x, int16_t* y, int16_t* z);
      |                                   ~~~~~~~~~^
../Core/Src/main.c:90:48: warning: passing argument 3 of 'lsm6dsl_read_xyz' discards 'volatile' qualifier from pointer target type [-Wdiscarded-qualifiers]
   90 |                         lsm6dsl_read_xyz(&x,&y,&z);
      |                                                ^~
In file included from ../Core/Src/main.c:30:
../Core/Inc/lsm6dsl.h:15:56: note: expected 'int16_t *' {aka 'short int *'} but argument is of type 'volatile int16_t *' {aka 'volatile short int *'}
   15 | void lsm6dsl_read_xyz(int16_t* x, int16_t* y, int16_t* z);
      |                                               ~~~~~~~~~^
../Core/Src/main.c:103:25: warning: implicit declaration of function 'timer_set_ms' [-Wimplicit-function-declaration]
  103 |                         timer_set_ms(TIM2,2500); // 2500(5sec) -> 30000(1min)
      |                         ^~~~~~~~~~~~
../Core/Src/main.c:108:50: warning: passing argument 1 of 'lsm6dsl_read_xyz' discards 'volatile' qualifier from pointer target type [-Wdiscarded-qualifiers]
  108 |                                 lsm6dsl_read_xyz(&x,&y,&z);
      |                                                  ^~
In file included from ../Core/Src/main.c:30:
../Core/Inc/lsm6dsl.h:15:32: note: expected 'int16_t *' {aka 'short int *'} but argument is of type 'volatile int16_t *' {aka 'volatile short int *'}
   15 | void lsm6dsl_read_xyz(int16_t* x, int16_t* y, int16_t* z);
      |                       ~~~~~~~~~^
../Core/Src/main.c:108:53: warning: passing argument 2 of 'lsm6dsl_read_xyz' discards 'volatile' qualifier from pointer target type [-Wdiscarded-qualifiers]
  108 |                                 lsm6dsl_read_xyz(&x,&y,&z);
      |                                                     ^~
In file included from ../Core/Src/main.c:30:
../Core/Inc/lsm6dsl.h:15:44: note: expected 'int16_t *' {aka 'short int *'} but argument is of type 'volatile int16_t *' {aka 'volatile short int *'}
   15 | void lsm6dsl_read_xyz(int16_t* x, int16_t* y, int16_t* z);
      |                                   ~~~~~~~~~^
../Core/Src/main.c:108:56: warning: passing argument 3 of 'lsm6dsl_read_xyz' discards 'volatile' qualifier from pointer target type [-Wdiscarded-qualifiers]
  108 |                                 lsm6dsl_read_xyz(&x,&y,&z);
      |                                                        ^~
In file included from ../Core/Src/main.c:30:
../Core/Inc/lsm6dsl.h:15:56: note: expected 'int16_t *' {aka 'short int *'} but argument is of type 'volatile int16_t *' {aka 'volatile short int *'}
   15 | void lsm6dsl_read_xyz(int16_t* x, int16_t* y, int16_t* z);
      |                                               ~~~~~~~~~^
../Core/Src/main.c:69:11: warning: variable 'standby' set but not used [-Wunused-but-set-variable]
   69 |   uint8_t standby = 0;
      |           ^~~~~~~
../Core/Src/main.c: In function 'TIM2_IRQHandler':
../Core/Src/main.c:136:9: warning: implicit declaration of function 'timer_reset' [-Wimplicit-function-declaration]
  136 |         timer_reset(TIM2);
      |         ^~~~~~~~~~~
arm-none-eabi-gcc -o "youlostit-ble.elf" @"objects.list"   -mcpu=cortex-m4 -T"C:\19000\youlostit-ble\STM32L475VGTX_FLASH.ld" --specs=nosys.specs -Wl,-Map="youlostit-ble.map" -Wl,--gc-sections -static --specs=nano.specs -mfpu=fpv4-sp-d16 -mfloat-abi=hard -mthumb -Wl,--start-group -lc -lm -Wl,--end-group
Finished building target: youlostit-ble.elf
 
arm-none-eabi-size   youlostit-ble.elf 
arm-none-eabi-objdump -h -S  youlostit-ble.elf  > "youlostit-ble.list"
   text	   data	    bss	    dec	    hex	filename
  17572	    400	   2048	  20020	   4e34	youlostit-ble.elf
Finished building: default.size.stdout
 
Finished building: youlostit-ble.list
 
20:51:56 **** Incremental Build of configuration Debug for project youlostit-ble ****
make -j8 all 
arm-none-eabi-size   youlostit-ble.elf 
   text	   data	    bss	    dec	    hex	filename
  17572	    400	   2048	  20020	   4e34	youlostit-ble.elf
Finished building: default.size.stdout
 
